Archive member included because of file (symbol)

/usr/local/ps3dev/portlibs/ppu/lib/libzip.a(zip_close.o)
                              main.o (zip_close)
/usr/local/ps3dev/portlibs/ppu/lib/libzip.a(zip_dirent.o)
                              /usr/local/ps3dev/portlibs/ppu/lib/libzip.a(zip_close.o) (_zip_cdir_free)
/usr/local/ps3dev/portlibs/ppu/lib/libzip.a(zip_error.o)
                              /usr/local/ps3dev/portlibs/ppu/lib/libzip.a(zip_close.o) (_zip_error_set)
/usr/local/ps3dev/portlibs/ppu/lib/libzip.a(zip_error_get_sys_type.o)
                              /usr/local/ps3dev/portlibs/ppu/lib/libzip.a(zip_error.o) (zip_error_get_sys_type)
/usr/local/ps3dev/portlibs/ppu/lib/libzip.a(zip_fclose.o)
                              main.o (zip_fclose)
/usr/local/ps3dev/portlibs/ppu/lib/libzip.a(zip_filerange_crc.o)
                              /usr/local/ps3dev/portlibs/ppu/lib/libzip.a(zip_close.o) (_zip_filerange_crc)
/usr/local/ps3dev/portlibs/ppu/lib/libzip.a(zip_fopen_index.o)
                              main.o (zip_fopen_index)
/usr/local/ps3dev/portlibs/ppu/lib/libzip.a(zip_fread.o)
                              main.o (zip_fread)
/usr/local/ps3dev/portlibs/ppu/lib/libzip.a(zip_free.o)
                              /usr/local/ps3dev/portlibs/ppu/lib/libzip.a(zip_close.o) (_zip_free)
/usr/local/ps3dev/portlibs/ppu/lib/libzip.a(zip_get_archive_flag.o)
                              /usr/local/ps3dev/portlibs/ppu/lib/libzip.a(zip_close.o) (zip_get_archive_flag)
/usr/local/ps3dev/portlibs/ppu/lib/libzip.a(zip_get_num_files.o)
                              main.o (zip_get_num_files)
/usr/local/ps3dev/portlibs/ppu/lib/libzip.a(zip_get_name.o)
                              main.o (zip_get_name)
/usr/local/ps3dev/portlibs/ppu/lib/libzip.a(zip_memdup.o)
                              /usr/local/ps3dev/portlibs/ppu/lib/libzip.a(zip_close.o) (_zip_memdup)
/usr/local/ps3dev/portlibs/ppu/lib/libzip.a(zip_open.o)
                              main.o (zip_open)
/usr/local/ps3dev/portlibs/ppu/lib/libzip.a(zip_source_zip.o)
                              /usr/local/ps3dev/portlibs/ppu/lib/libzip.a(zip_close.o) (zip_source_zip)
/usr/local/ps3dev/portlibs/ppu/lib/libzip.a(zip_stat_index.o)
                              main.o (zip_stat_index)
/usr/local/ps3dev/portlibs/ppu/lib/libzip.a(zip_entry_free.o)
                              /usr/local/ps3dev/portlibs/ppu/lib/libzip.a(zip_free.o) (_zip_entry_free)
/usr/local/ps3dev/portlibs/ppu/lib/libzip.a(zip_entry_new.o)
                              /usr/local/ps3dev/portlibs/ppu/lib/libzip.a(zip_open.o) (_zip_entry_new)
/usr/local/ps3dev/portlibs/ppu/lib/libzip.a(zip_err_str.o)
                              /usr/local/ps3dev/portlibs/ppu/lib/libzip.a(zip_error_get_sys_type.o) (_zip_nerr_str)
/usr/local/ps3dev/portlibs/ppu/lib/libzip.a(zip_file_error_get.o)
                              /usr/local/ps3dev/portlibs/ppu/lib/libzip.a(zip_source_zip.o) (zip_file_error_get)
/usr/local/ps3dev/portlibs/ppu/lib/libzip.a(zip_file_get_offset.o)
                              /usr/local/ps3dev/portlibs/ppu/lib/libzip.a(zip_fopen_index.o) (_zip_file_get_offset)
/usr/local/ps3dev/portlibs/ppu/lib/libzip.a(zip_new.o)
                              /usr/local/ps3dev/portlibs/ppu/lib/libzip.a(zip_open.o) (_zip_new)
/usr/local/ps3dev/portlibs/ppu/lib/libzip.a(zip_source_function.o)
                              /usr/local/ps3dev/portlibs/ppu/lib/libzip.a(zip_source_zip.o) (zip_source_function)
/usr/local/ps3dev/portlibs/ppu/lib/libzip.a(zip_unchange_data.o)
                              /usr/local/ps3dev/portlibs/ppu/lib/libzip.a(zip_entry_free.o) (_zip_unchange_data)
/usr/local/ps3dev/portlibs/ppu/lib/libz.a(crc32.o)
                              /usr/local/ps3dev/portlibs/ppu/lib/libzip.a(zip_close.o) (crc32)
/usr/local/ps3dev/portlibs/ppu/lib/libz.a(deflate.o)
                              /usr/local/ps3dev/portlibs/ppu/lib/libzip.a(zip_close.o) (deflate)
/usr/local/ps3dev/portlibs/ppu/lib/libz.a(inflate.o)
                              /usr/local/ps3dev/portlibs/ppu/lib/libzip.a(zip_fopen_index.o) (inflateInit2_)
/usr/local/ps3dev/portlibs/ppu/lib/libz.a(inftrees.o)
                              /usr/local/ps3dev/portlibs/ppu/lib/libz.a(inflate.o) (inflate_table)
/usr/local/ps3dev/portlibs/ppu/lib/libz.a(trees.o)
                              /usr/local/ps3dev/portlibs/ppu/lib/libz.a(deflate.o) (_tr_init)
/usr/local/ps3dev/portlibs/ppu/lib/libz.a(zutil.o)
                              /usr/local/ps3dev/portlibs/ppu/lib/libz.a(deflate.o) (zcalloc)
/usr/local/ps3dev/portlibs/ppu/lib/libz.a(uncompr.o)
                              main.o (uncompress)
/usr/local/ps3dev/portlibs/ppu/lib/libz.a(adler32.o)
                              /usr/local/ps3dev/portlibs/ppu/lib/libz.a(deflate.o) (adler32)
/usr/local/ps3dev/portlibs/ppu/lib/libz.a(inffast.o)
                              /usr/local/ps3dev/portlibs/ppu/lib/libz.a(inflate.o) (inflate_fast)
/usr/local/ps3dev/ppu/lib/libnet.a(init.o)
[...]
Memory Configuration

Name             Origin             Length             Attributes
*default*        0x0000000000000000 0xffffffffffffffff

Linker script and memory map

                0x0000000000010000                PROVIDE (__executable_start, 0x10000)
                0x0000000000010200                . = (0x10000 + SIZEOF_HEADERS)

.interp
 *(.interp)

.hash
 *(.hash)

.dynsym
 *(.dynsym)

.dynstr
 *(.dynstr)

.gnu.version
 *(.gnu.version)

.gnu.version_d
 *(.gnu.version_d)

.gnu.version_r
 *(.gnu.version_r)

.rel.dyn
 *(.rel.init)
 *(.rel.text .rel.text.* .rel.gnu.linkonce.t.*)
 *(.rel.fini)
 *(.rel.rodata .rel.rodata.* .rel.gnu.linkonce.r.*)
 *(.rel.data.rel.ro*)
 *(.rel.data .rel.data.* .rel.gnu.linkonce.d.*)
 *(.rel.tdata .rel.tdata.* .rel.gnu.linkonce.td.*)
 *(.rel.tbss .rel.tbss.* .rel.gnu.linkonce.tb.*)
 *(.rel.ctors)
 *(.rel.dtors)
 *(.rel.got)
 *(.rel.sdata .rel.sdata.* .rel.gnu.linkonce.s.*)
 *(.rel.sbss .rel.sbss.* .rel.gnu.linkonce.sb.*)
 *(.rel.sdata2 .rel.sdata2.* .rel.gnu.linkonce.s2.*)
 *(.rel.sbss2 .rel.sbss2.* .rel.gnu.linkonce.sb2.*)
 *(.rel.bss .rel.bss.* .rel.gnu.linkonce.b.*)

.rela.dyn       0x0000000000010200        0x0
 *(.rela.init)
 *(.rela.text .rela.text.* .rela.gnu.linkonce.t.*)
 *(.rela.fini)
 *(.rela.rodata .rela.rodata.* .rela.gnu.linkonce.r.*)
 *(.rela.data .rela.data.* .rela.gnu.linkonce.d.*)
 *(.rela.tdata .rela.tdata.* .rela.gnu.linkonce.td.*)
 *(.rela.tbss .rela.tbss.* .rela.gnu.linkonce.tb.*)
 *(.rela.ctors)
 *(.rela.dtors)
 *(.rela.got)
 *(.rela.toc)
 .rela.toc      0x0000000000000000        0x0 linker stubs
 *(.rela.sdata .rela.sdata.* .rela.gnu.linkonce.s.*)
 *(.rela.sbss .rela.sbss.* .rela.gnu.linkonce.sb.*)
 *(.rela.sdata2 .rela.sdata2.* .rela.gnu.linkonce.s2.*)
 *(.rela.sbss2 .rela.sbss2.* .rela.gnu.linkonce.sb2.*)
 *(.rela.bss .rela.bss.* .rela.gnu.linkonce.b.*)
 .rela.iplt     0x0000000000000000        0x0 linker stubs
 .rela.sys_proc_prx_param
                0x0000000000000000        0x0 linker stubs

.rel.plt
 *(.rel.plt)

.rela.plt
 *(.rela.plt)

.rela.tocbss
 *(.rela.tocbss)

.init           0x0000000000010200       0x2c
 *(.init)
 .init          0x0000000000010200        0xc /usr/local/ps3dev/ppu/lib/gcc/powerpc64-ps3-elf/7.2.0/../../../../powerpc64-ps3-elf/lib/lv2-crti.o
                0x0000000000010200                ._init
 .init          0x000000000001020c        0x8 /usr/local/ps3dev/ppu/lib/gcc/powerpc64-ps3-elf/7.2.0/crtbegin.o
 .init          0x0000000000010214        0x8 /usr/local/ps3dev/ppu/lib/gcc/powerpc64-ps3-elf/7.2.0/crtend.o
 .init          0x000000000001021c       0x10 /usr/local/ps3dev/ppu/lib/gcc/powerpc64-ps3-elf/7.2.0/../../../../powerpc64-ps3-elf/lib/lv2-crtn.o

.text           0x0000000000010230    0x44fe4
 *(.text .stub .text.* .gnu.linkonce.t.*)
 .text          0x0000000000010230        0x0 /usr/local/ps3dev/ppu/lib/gcc/powerpc64-ps3-elf/7.2.0/../../../../powerpc64-ps3-elf/lib/lv2-crti.o
 .text          0x0000000000010230        0x0 /usr/local/ps3dev/ppu/lib/gcc/powerpc64-ps3-elf/7.2.0/crtbegin.o
 .text.deregister_tm_clones
                0x0000000000010230       0x54 /usr/local/ps3dev/ppu/lib/gcc/powerpc64-ps3-elf/7.2.0/crtbegin.o
 *fill*         0x0000000000010284        0x4 60000000
 .text.register_tm_clones
                0x0000000000010288       0x60 /usr/local/ps3dev/ppu/lib/gcc/powerpc64-ps3-elf/7.2.0/crtbegin.o
 .text.__do_global_dtors_aux
                0x00000000000102e8       0xd4 /usr/local/ps3dev/ppu/lib/gcc/powerpc64-ps3-elf/7.2.0/crtbegin.o
 *fill*         0x00000000000103bc        0x4 60000000
 .text.frame_dummy
                0x00000000000103c0       0x38 /usr/local/ps3dev/ppu/lib/gcc/powerpc64-ps3-elf/7.2.0/crtbegin.o
 .text          0x00000000000103f8       0x58 /usr/local/ps3dev/ppu/lib/gcc/powerpc64-ps3-elf/7.2.0/../../../../powerpc64-ps3-elf/lib/lv2-crt0.o
                0x00000000000103f8                ._start
 .text.startup.__syscalls_init
                0x0000000000010450      0x180 /usr/local/ps3dev/ppu/lib/gcc/powerpc64-ps3-elf/7.2.0/../../../../powerpc64-ps3-elf/lib/lv2-crt0.o
 .text._initialize
                0x00000000000105d0       0x40 /usr/local/ps3dev/ppu/lib/gcc/powerpc64-ps3-elf/7.2.0/../../../../powerpc64-ps3-elf/lib/lv2-crt0.o
 .text          0x0000000000010610        0x0 /usr/local/ps3dev/ppu/lib/gcc/powerpc64-ps3-elf/7.2.0/../../../../powerpc64-ps3-elf/lib/lv2-sprx.o
 .text          0x0000000000010610        0x0 main.o
 .text.control_thread
                0x0000000000010610       0x84 main.o
 *fill*         0x0000000000010694        0x4 60000000
 .text.empty_directory
                0x0000000000010698      0x138 main.o
 .text.release_all
                0x00000000000107d0       0x98 main.o
 .text.sysutil_exit_callback
                0x0000000000010868       0x18 main.o
 .text.finalize
                0x0000000000010880       0x90 main.o
 .text.program_exit_callback
                0x0000000000010910       0x10 main.o
 .text.startup.main
                0x0000000000010920      0xacc main.o
 .text          0x00000000000113ec        0x0 pad.o
 *fill*         0x00000000000113ec        0x4 60000000
 .text.pad_read
                0x00000000000113f0       0xc0 pad.o
 .text          0x00000000000114b0        0x0 rsxutil.o
 .text.set_render_target
                0x00000000000114b0       0xd8 rsxutil.o
 .text.init_screen
                0x0000000000011588      0x274 rsxutil.o
 *fill*         0x00000000000117fc        0x4 60000000
 .text.waitflip
                0x0000000000011800       0x50 rsxutil.o
 .text.flip     0x0000000000011850       0xac rsxutil.o
 .text          0x00000000000118fc        0x0 /usr/local/ps3dev/portlibs/ppu/lib/libzip.a(zip_close.o)
 .text.zip_close
                0x00000000000118fc      0xfa8 /usr/local/ps3dev/portlibs/ppu/lib/libzip.a(zip_close.o)
 .text.add_data
                0x00000000000128a4      0x3a0 /usr/local/ps3dev/portlibs/ppu/lib/libzip.a(zip_close.o)
 .text.add_data_comp
                0x0000000000012c44      0x150 /usr/local/ps3dev/portlibs/ppu/lib/libzip.a(zip_close.o)
 .text.add_data_uncomp
                0x0000000000012d94      0x3b0 /usr/local/ps3dev/portlibs/ppu/lib/libzip.a(zip_close.o)
 .text.ch_set_error
                0x0000000000013144       0xc0 /usr/local/ps3dev/portlibs/ppu/lib/libzip.a(zip_close.o)
 .text.copy_data
                0x0000000000013204      0x18c /usr/local/ps3dev/portlibs/ppu/lib/libzip.a(zip_close.o)
 .text.write_cdir
                0x0000000000013390      0x1ec /usr/local/ps3dev/portlibs/ppu/lib/libzip.a(zip_close.o)
 .text._zip_cdir_set_comment
                0x000000000001357c      0x164 /usr/local/ps3dev/portlibs/ppu/lib/libzip.a(zip_close.o)
 .text._zip_changed
                0x00000000000136e0      0x144 /usr/local/ps3dev/portlibs/ppu/lib/libzip.a(zip_close.o)
 .text._zip_create_temp_output
                0x0000000000013824      0x1c8 /usr/local/ps3dev/portlibs/ppu/lib/libzip.a(zip_close.o)
 .text._zip_torrentzip_cmp
                0x00000000000139ec       0x64 /usr/local/ps3dev/portlibs/ppu/lib/libzip.a(zip_close.o)
 .text          0x0000000000013a50        0x0 /usr/local/ps3dev/portlibs/ppu/lib/libzip.a(zip_dirent.o)
 .text._zip_cdir_free
                0x0000000000013a50       0xd0 /usr/local/ps3dev/portlibs/ppu/lib/libzip.a(zip_dirent.o)
 .text._zip_cdir_grow
                0x0000000000013b20       0xe8 /usr/local/ps3dev/portlibs/ppu/lib/libzip.a(zip_dirent.o)
 .text._zip_cdir_new
                0x0000000000013c08      0x124 /usr/local/ps3dev/portlibs/ppu/lib/libzip.a(zip_dirent.o)
 .text._zip_cdir_write
                0x0000000000013d2c      0x214 /usr/local/ps3dev/portlibs/ppu/lib/libzip.a(zip_dirent.o)
 .text._zip_dirent_finalize
                0x0000000000013f40       0x9c /usr/local/ps3dev/portlibs/ppu/lib/libzip.a(zip_dirent.o)
 .text._zip_dirent_init
                0x0000000000013fdc      0x104 /usr/local/ps3dev/portlibs/ppu/lib/libzip.a(zip_dirent.o)
 .text._zip_dirent_read
                0x00000000000140e0      0x6d0 /usr/local/ps3dev/portlibs/ppu/lib/libzip.a(zip_dirent.o)
 .text._zip_dirent_torrent_normalize
                0x00000000000147b0      0x198 /usr/local/ps3dev/portlibs/ppu/lib/libzip.a(zip_dirent.o)
 .text._zip_dirent_write
                0x0000000000014948      0x2f8 /usr/local/ps3dev/portlibs/ppu/lib/libzip.a(zip_dirent.o)
 .text._zip_d2u_time
                0x0000000000014c40      0x100 /usr/local/ps3dev/portlibs/ppu/lib/libzip.a(zip_dirent.o)
 .text._zip_read2
                0x0000000000014d40       0x78 /usr/local/ps3dev/portlibs/ppu/lib/libzip.a(zip_dirent.o)
 .text._zip_read4
                0x0000000000014db8       0xc4 /usr/local/ps3dev/portlibs/ppu/lib/libzip.a(zip_dirent.o)
 .text._zip_readfpstr
                0x0000000000014e7c      0x188 /usr/local/ps3dev/portlibs/ppu/lib/libzip.a(zip_dirent.o)
 .text._zip_readstr
                0x0000000000015004      0x16c /usr/local/ps3dev/portlibs/ppu/lib/libzip.a(zip_dirent.o)
 .text._zip_write2
                0x0000000000015170      0x27c /usr/local/ps3dev/portlibs/ppu/lib/libzip.a(zip_dirent.o)
 .text._zip_write4
                0x00000000000153ec      0x4c4 /usr/local/ps3dev/portlibs/ppu/lib/libzip.a(zip_dirent.o)
 .text._zip_u2d_time
                0x00000000000158b0      0x120 /usr/local/ps3dev/portlibs/ppu/lib/libzip.a(zip_dirent.o)
 .text          0x00000000000159d0        0x0 /usr/local/ps3dev/portlibs/ppu/lib/libzip.a(zip_error.o)
 .text._zip_error_clear
                0x00000000000159d0       0x44 /usr/local/ps3dev/portlibs/ppu/lib/libzip.a(zip_error.o)
 .text._zip_error_copy
                0x0000000000015a14       0x58 /usr/local/ps3dev/portlibs/ppu/lib/libzip.a(zip_error.o)
 .text._zip_error_fini
                0x0000000000015a6c       0x5c /usr/local/ps3dev/portlibs/ppu/lib/libzip.a(zip_error.o)
 .text._zip_error_get
                0x0000000000015ac8       0xb8 /usr/local/ps3dev/portlibs/ppu/lib/libzip.a(zip_error.o)
 .text._zip_error_init
                0x0000000000015b80       0x50 /usr/local/ps3dev/portlibs/ppu/lib/libzip.a(zip_error.o)
 .text._zip_error_set
                0x0000000000015bd0       0x64 /usr/local/ps3dev/portlibs/ppu/lib/libzip.a(zip_error.o)
 .text          0x0000000000015c34        0x0 /usr/local/ps3dev/portlibs/ppu/lib/libzip.a(zip_error_get_sys_type.o)
 .text.zip_error_get_sys_type
                0x0000000000015c34       0x78 /usr/local/ps3dev/portlibs/ppu/lib/libzip.a(zip_error_get_sys_type.o)
 .text          0x0000000000015cac        0x0 /usr/local/ps3dev/portlibs/ppu/lib/libzip.a(zip_fclose.o)
 .text.zip_fclose
                0x0000000000015cac      0x1ec /usr/local/ps3dev/portlibs/ppu/lib/libzip.a(zip_fclose.o)
 .text          0x0000000000015e98        0x0 /usr/local/ps3dev/portlibs/ppu/lib/libzip.a(zip_filerange_crc.o)
 .text._zip_filerange_crc
                0x0000000000015e98      0x180 /usr/local/ps3dev/portlibs/ppu/lib/libzip.a(zip_filerange_crc.o)
 .text          0x0000000000016018        0x0 /usr/local/ps3dev/portlibs/ppu/lib/libzip.a(zip_fopen_index.o)
 .text.zip_fopen_index
                0x0000000000016018      0x530 /usr/local/ps3dev/portlibs/ppu/lib/libzip.a(zip_fopen_index.o)
 .text._zip_file_fillbuf
                0x0000000000016548      0x228 /usr/local/ps3dev/portlibs/ppu/lib/libzip.a(zip_fopen_index.o)
 .text._zip_file_new
                0x0000000000016770      0x214 /usr/local/ps3dev/portlibs/ppu/lib/libzip.a(zip_fopen_index.o)
 .text          0x0000000000016984        0x0 /usr/local/ps3dev/portlibs/ppu/lib/libzip.a(zip_fread.o)
 .text.zip_fread
                0x0000000000016984      0x470 /usr/local/ps3dev/portlibs/ppu/lib/libzip.a(zip_fread.o)
 .text          0x0000000000016df4        0x0 /usr/local/ps3dev/portlibs/ppu/lib/libzip.a(zip_free.o)
 .text._zip_free
                0x0000000000016df4      0x1f8 /usr/local/ps3dev/portlibs/ppu/lib/libzip.a(zip_free.o)
 .text          0x0000000000016fec        0x0 /usr/local/ps3dev/portlibs/ppu/lib/libzip.a(zip_get_archive_flag.o)
 .text.zip_get_archive_flag
                0x0000000000016fec       0x98 /usr/local/ps3dev/portlibs/ppu/lib/libzip.a(zip_get_archive_flag.o)
 .text          0x0000000000017084        0x0 /usr/local/ps3dev/portlibs/ppu/lib/libzip.a(zip_get_num_files.o)
 .text.zip_get_num_files
                0x0000000000017084       0x4c /usr/local/ps3dev/portlibs/ppu/lib/libzip.a(zip_get_num_files.o)
 .text          0x00000000000170d0        0x0 /usr/local/ps3dev/portlibs/ppu/lib/libzip.a(zip_get_name.o)
 .text.zip_get_name
                0x00000000000170d0       0x80 /usr/local/ps3dev/portlibs/ppu/lib/libzip.a(zip_get_name.o)
 .text._zip_get_name
                0x0000000000017150      0x194 /usr/local/ps3dev/portlibs/ppu/lib/libzip.a(zip_get_name.o)
 .text          0x00000000000172e4        0x0 /usr/local/ps3dev/portlibs/ppu/lib/libzip.a(zip_memdup.o)
 .text._zip_memdup
                0x00000000000172e4       0x98 /usr/local/ps3dev/portlibs/ppu/lib/libzip.a(zip_memdup.o)
 .text          0x000000000001737c        0x0 /usr/local/ps3dev/portlibs/ppu/lib/libzip.a(zip_open.o)
 .text.zip_open
                0x000000000001737c      0x290 /usr/local/ps3dev/portlibs/ppu/lib/libzip.a(zip_open.o)
 .text.set_error
                0x000000000001760c       0xc4 /usr/local/ps3dev/portlibs/ppu/lib/libzip.a(zip_open.o)
 .text._zip_readcdir
                0x00000000000176d0      0x54c /usr/local/ps3dev/portlibs/ppu/lib/libzip.a(zip_open.o)
 .text._zip_checkcons
                0x0000000000017c1c      0x310 /usr/local/ps3dev/portlibs/ppu/lib/libzip.a(zip_open.o)
 .text._zip_check_torrentzip
                0x0000000000017f2c      0x1d0 /usr/local/ps3dev/portlibs/ppu/lib/libzip.a(zip_open.o)
 .text._zip_headercomp
                0x00000000000180fc      0x404 /usr/local/ps3dev/portlibs/ppu/lib/libzip.a(zip_open.o)
 .text._zip_allocate_new
                0x0000000000018500       0xd0 /usr/local/ps3dev/portlibs/ppu/lib/libzip.a(zip_open.o)
 .text._zip_file_exists
                0x00000000000185d0       0xf0 /usr/local/ps3dev/portlibs/ppu/lib/libzip.a(zip_open.o)
 .text._zip_find_central_dir
                0x00000000000186c0      0x380 /usr/local/ps3dev/portlibs/ppu/lib/libzip.a(zip_open.o)
 .text._zip_memmem
                0x0000000000018a40      0x134 /usr/local/ps3dev/portlibs/ppu/lib/libzip.a(zip_open.o)
 .text          0x0000000000018b74        0x0 /usr/local/ps3dev/portlibs/ppu/lib/libzip.a(zip_source_zip.o)
 .text.zip_source_zip
                0x0000000000018b74      0x388 /usr/local/ps3dev/portlibs/ppu/lib/libzip.a(zip_source_zip.o)
 .text.read_zip
                0x0000000000018efc      0x2e8 /usr/local/ps3dev/portlibs/ppu/lib/libzip.a(zip_source_zip.o)
 .text          0x00000000000191e4        0x0 /usr/local/ps3dev/portlibs/ppu/lib/libzip.a(zip_stat_index.o)
 .text.zip_stat_index
                0x00000000000191e4      0x3a0 /usr/local/ps3dev/portlibs/ppu/lib/libzip.a(zip_stat_index.o)
 .text          0x0000000000019584        0x0 /usr/local/ps3dev/portlibs/ppu/lib/libzip.a(zip_entry_free.o)
 .text._zip_entry_free
                0x0000000000019584       0x94 /usr/local/ps3dev/portlibs/ppu/lib/libzip.a(zip_entry_free.o)
 .text          0x0000000000019618        0x0 /usr/local/ps3dev/portlibs/ppu/lib/libzip.a(zip_entry_new.o)
 .text._zip_entry_new
                0x0000000000019618      0x1c0 /usr/local/ps3dev/portlibs/ppu/lib/libzip.a(zip_entry_new.o)
 .text          0x00000000000197d8        0x0 /usr/local/ps3dev/portlibs/ppu/lib/libzip.a(zip_err_str.o)
 .text          0x00000000000197d8        0x0 /usr/local/ps3dev/portlibs/ppu/lib/libzip.a(zip_file_error_get.o)
 .text.zip_file_error_get
                0x00000000000197d8       0x60 /usr/local/ps3dev/portlibs/ppu/lib/libzip.a(zip_file_error_get.o)
 .text          0x0000000000019838        0x0 /usr/local/ps3dev/portlibs/ppu/lib/libzip.a(zip_file_get_offset.o)
 .text._zip_file_get_offset
                0x0000000000019838      0x15c /usr/local/ps3dev/portlibs/ppu/lib/libzip.a(zip_file_get_offset.o)
 .text          0x0000000000019994        0x0 /usr/local/ps3dev/portlibs/ppu/lib/libzip.a(zip_new.o)
 .text._zip_new
                0x0000000000019994      0x140 /usr/local/ps3dev/portlibs/ppu/lib/libzip.a(zip_new.o)
 .text          0x0000000000019ad4        0x0 /usr/local/ps3dev/portlibs/ppu/lib/libzip.a(zip_source_function.o)
 .text.zip_source_function
                0x0000000000019ad4       0xb8 /usr/local/ps3dev/portlibs/ppu/lib/libzip.a(zip_source_function.o)
 .text          0x0000000000019b8c        0x0 /usr/local/ps3dev/portlibs/ppu/lib/libzip.a(zip_unchange_data.o)
 .text._zip_unchange_data
                0x0000000000019b8c       0xd4 /usr/local/ps3dev/portlibs/ppu/lib/libzip.a(zip_unchange_data.o)
 .text          0x0000000000019c60        0x0 /usr/local/ps3dev/portlibs/ppu/lib/libz.a(crc32.o)
 .text.crc32_big
                0x0000000000019c60      0x634 /usr/local/ps3dev/portlibs/ppu/lib/libz.a(crc32.o)
 *fill*         0x000000000001a294        0x4 60000000
 .text.crc32_combine_
                0x000000000001a298      0x260 /usr/local/ps3dev/portlibs/ppu/lib/libz.a(crc32.o)
 .text.get_crc_table
                0x000000000001a4f8       0x14 /usr/local/ps3dev/portlibs/ppu/lib/libz.a(crc32.o)
 *fill*         0x000000000001a50c        0x4 60000000
 .text.crc32_z  0x000000000001a510       0x24 /usr/local/ps3dev/portlibs/ppu/lib/libz.a(crc32.o)
 *fill*         0x000000000001a534        0x4 60000000
 .text.crc32    0x000000000001a538       0x24 /usr/local/ps3dev/portlibs/ppu/lib/libz.a(crc32.o)
 *fill*         0x000000000001a55c        0x4 60000000
 .text.crc32_combine
                0x000000000001a560       0x10 /usr/local/ps3dev/portlibs/ppu/lib/libz.a(crc32.o)
 .text.crc32_combine64
                0x000000000001a570       0x10 /usr/local/ps3dev/portlibs/ppu/lib/libz.a(crc32.o)
 .text          0x000000000001a580        0x0 /usr/local/ps3dev/portlibs/ppu/lib/libz.a(deflate.o)
 .text.longest_match
                0x000000000001a580      0x260 /usr/local/ps3dev/portlibs/ppu/lib/libz.a(deflate.o)
 .text.flush_pending
                0x000000000001a7e0       0xfc /usr/local/ps3dev/portlibs/ppu/lib/libz.a(deflate.o)
 *fill*         0x000000000001a8dc        0x4 60000000
 .text.fill_window
                0x000000000001a8e0      0xd48 /usr/local/ps3dev/portlibs/ppu/lib/libz.a(deflate.o)
 .text.deflate_stored
                0x000000000001b628      0x95c /usr/local/ps3dev/portlibs/ppu/lib/libz.a(deflate.o)
 *fill*         0x000000000001bf84        0x4 60000000
 .text.deflate_fast
                0x000000000001bf88     0x1320 /usr/local/ps3dev/portlibs/ppu/lib/libz.a(deflate.o)
 .text.deflate_slow
                0x000000000001d2a8     0x1520 /usr/local/ps3dev/portlibs/ppu/lib/libz.a(deflate.o)
 .text.deflateSetDictionary
                0x000000000001e7c8      0xf34 /usr/local/ps3dev/portlibs/ppu/lib/libz.a(deflate.o)
 *fill*         0x000000000001f6fc        0x4 60000000
 .text.deflateGetDictionary
                0x000000000001f700      0x134 /usr/local/ps3dev/portlibs/ppu/lib/libz.a(deflate.o)
 *fill*         0x000000000001f834        0x4 60000000
 .text.deflateResetKeep
                0x000000000001f838      0x1ac /usr/local/ps3dev/portlibs/ppu/lib/libz.a(deflate.o)
 *fill*         0x000000000001f9e4        0x4 60000000
 .text.deflateReset
                0x000000000001f9e8      0x244 /usr/local/ps3dev/portlibs/ppu/lib/libz.a(deflate.o)
 *fill*         0x000000000001fc2c        0x4 60000000
 .text.deflateSetHeader
                0x000000000001fc30       0xb4 /usr/local/ps3dev/portlibs/ppu/lib/libz.a(deflate.o)
 *fill*         0x000000000001fce4        0x4 60000000
 .text.deflatePending
                0x000000000001fce8       0xc4 /usr/local/ps3dev/portlibs/ppu/lib/libz.a(deflate.o)
 *fill*         0x000000000001fdac        0x4 60000000
 .text.deflatePrime
                0x000000000001fdb0      0x1b4 /usr/local/ps3dev/portlibs/ppu/lib/libz.a(deflate.o)
 *fill*         0x000000000001ff64        0x4 60000000
 .text.deflateTune
                0x000000000001ff68       0xb4 /usr/local/ps3dev/portlibs/ppu/lib/libz.a(deflate.o)
 *fill*         0x000000000002001c        0x4 60000000
 .text.deflateBound
                0x0000000000020020      0x1c0 /usr/local/ps3dev/portlibs/ppu/lib/libz.a(deflate.o)
 .text.deflate  0x00000000000201e0     0x1c8c /usr/local/ps3dev/portlibs/ppu/lib/libz.a(deflate.o)
 *fill*         0x0000000000021e6c        0x4 60000000
 .text.deflateParams
                0x0000000000021e70      0xb00 /usr/local/ps3dev/portlibs/ppu/lib/libz.a(deflate.o)
 .text.deflateEnd
                0x0000000000022970      0x224 /usr/local/ps3dev/portlibs/ppu/lib/libz.a(deflate.o)
 *fill*         0x0000000000022b94        0x4 60000000
 .text.deflateInit2_
                0x0000000000022b98      0x4a4 /usr/local/ps3dev/portlibs/ppu/lib/libz.a(deflate.o)
 *fill*         0x000000000002303c        0x4 60000000
 .text.deflateInit_
                0x0000000000023040      0x398 /usr/local/ps3dev/portlibs/ppu/lib/libz.a(deflate.o)
 .text.deflateCopy
                0x00000000000233d8      0x320 /usr/local/ps3dev/portlibs/ppu/lib/libz.a(deflate.o)
 .text          0x00000000000236f8        0x0 /usr/local/ps3dev/portlibs/ppu/lib/libz.a(inflate.o)
 .text.inflateResetKeep
                0x00000000000236f8       0xe4 /usr/local/ps3dev/portlibs/ppu/lib/libz.a(inflate.o)
 *fill*         0x00000000000237dc        0x4 60000000
 .text.inflateReset
                0x00000000000237e0       0xec /usr/local/ps3dev/portlibs/ppu/lib/libz.a(inflate.o)
 *fill*         0x00000000000238cc        0x4 60000000
 .text.inflateReset2
                0x00000000000238d0      0x23c /usr/local/ps3dev/portlibs/ppu/lib/libz.a(inflate.o)
 *fill*         0x0000000000023b0c        0x4 60000000
 .text.inflateInit2_
                0x0000000000023b10      0x268 /usr/local/ps3dev/portlibs/ppu/lib/libz.a(inflate.o)
 .text.inflateInit_
                0x0000000000023d78      0x1e4 /usr/local/ps3dev/portlibs/ppu/lib/libz.a(inflate.o)
 *fill*         0x0000000000023f5c        0x4 60000000
 .text.inflatePrime
                0x0000000000023f60       0xcc /usr/local/ps3dev/portlibs/ppu/lib/libz.a(inflate.o)
 *fill*         0x000000000002402c        0x4 60000000
 .text.inflate  0x0000000000024030     0x292c /usr/local/ps3dev/portlibs/ppu/lib/libz.a(inflate.o)
 *fill*         0x000000000002695c        0x4 60000000
 .text.inflateEnd
                0x0000000000026960      0x11c /usr/local/ps3dev/portlibs/ppu/lib/libz.a(inflate.o)
 *fill*         0x0000000000026a7c        0x4 60000000
 .text.inflateGetDictionary
                0x0000000000026a80      0x12c /usr/local/ps3dev/portlibs/ppu/lib/libz.a(inflate.o)
 *fill*         0x0000000000026bac        0x4 60000000
 .text.inflateSetDictionary
                0x0000000000026bb0      0x2d4 /usr/local/ps3dev/portlibs/ppu/lib/libz.a(inflate.o)
 *fill*         0x0000000000026e84        0x4 60000000
 .text.inflateGetHeader
                0x0000000000026e88       0x8c /usr/local/ps3dev/portlibs/ppu/lib/libz.a(inflate.o)
 *fill*         0x0000000000026f14        0x4 60000000
 .text.inflateSync
                0x0000000000026f18      0x3dc /usr/local/ps3dev/portlibs/ppu/lib/libz.a(inflate.o)
 *fill*         0x00000000000272f4        0x4 60000000
 .text.inflateSyncPoint
                0x00000000000272f8       0x84 /usr/local/ps3dev/portlibs/ppu/lib/libz.a(inflate.o)
 *fill*         0x000000000002737c        0x4 60000000
 .text.inflateCopy
                0x0000000000027380      0x250 /usr/local/ps3dev/portlibs/ppu/lib/libz.a(inflate.o)
 .text.inflateUndermine
                0x00000000000275d0       0x74 /usr/local/ps3dev/portlibs/ppu/lib/libz.a(inflate.o)
 *fill*         0x0000000000027644        0x4 60000000
 .text.inflateValidate
                0x0000000000027648       0x94 /usr/local/ps3dev/portlibs/ppu/lib/libz.a(inflate.o)
 *fill*         0x00000000000276dc        0x4 60000000
 .text.inflateMark
                0x00000000000276e0       0xac /usr/local/ps3dev/portlibs/ppu/lib/libz.a(inflate.o)
 *fill*         0x000000000002778c        0x4 60000000
 .text.inflateCodesUsed
                0x0000000000027790       0x7c /usr/local/ps3dev/portlibs/ppu/lib/libz.a(inflate.o)
 .text          0x000000000002780c        0x0 /usr/local/ps3dev/portlibs/ppu/lib/libz.a(inftrees.o)
 *fill*         0x000000000002780c        0x4 60000000
 .text.inflate_table
                0x0000000000027810      0xdc4 /usr/local/ps3dev/portlibs/ppu/lib/libz.a(inftrees.o)
 .text          0x00000000000285d4        0x0 /usr/local/ps3dev/portlibs/ppu/lib/libz.a(trees.o)
 *fill*         0x00000000000285d4        0x4 60000000
 .text.send_tree
                0x00000000000285d8      0x6e4 /usr/local/ps3dev/portlibs/ppu/lib/libz.a(trees.o)
 *fill*         0x0000000000028cbc        0x4 60000000
 .text.compress_block
                0x0000000000028cc0      0x4a0 /usr/local/ps3dev/portlibs/ppu/lib/libz.a(trees.o)
 .text.build_tree
                0x0000000000029160      0xe98 /usr/local/ps3dev/portlibs/ppu/lib/libz.a(trees.o)
 .text._tr_init
                0x0000000000029ff8       0xb8 /usr/local/ps3dev/portlibs/ppu/lib/libz.a(trees.o)
 .text._tr_stored_block
                0x000000000002a0b0      0x1cc /usr/local/ps3dev/portlibs/ppu/lib/libz.a(trees.o)
 *fill*         0x000000000002a27c        0x4 60000000
 .text._tr_flush_bits
                0x000000000002a280       0x98 /usr/local/ps3dev/portlibs/ppu/lib/libz.a(trees.o)
 .text._tr_align
                0x000000000002a318      0x17c /usr/local/ps3dev/portlibs/ppu/lib/libz.a(trees.o)
 *fill*         0x000000000002a494        0x4 60000000
 .text._tr_flush_block
                0x000000000002a498      0xb70 /usr/local/ps3dev/portlibs/ppu/lib/libz.a(trees.o)
 .text._tr_tally
                0x000000000002b008       0xf4 /usr/local/ps3dev/portlibs/ppu/lib/libz.a(trees.o)
 .text          0x000000000002b0fc        0x0 /usr/local/ps3dev/portlibs/ppu/lib/libz.a(zutil.o)
 *fill*         0x000000000002b0fc        0x4 60000000
 .text.zlibVersion
                0x000000000002b100       0x14 /usr/local/ps3dev/portlibs/ppu/lib/libz.a(zutil.o)
 *fill*         0x000000000002b114        0x4 60000000
 .text.zlibCompileFlags
                0x000000000002b118       0x14 /usr/local/ps3dev/portlibs/ppu/lib/libz.a(zutil.o)
 *fill*         0x000000000002b12c        0x4 60000000
 .text.zError   0x000000000002b130       0x24 /usr/local/ps3dev/portlibs/ppu/lib/libz.a(zutil.o)
 *fill*         0x000000000002b154        0x4 60000000
 .text.zcalloc  0x000000000002b158       0x38 /usr/local/ps3dev/portlibs/ppu/lib/libz.a(zutil.o)
 .text.zcfree   0x000000000002b190       0x34 /usr/local/ps3dev/portlibs/ppu/lib/libz.a(zutil.o)
 .text          0x000000000002b1c4        0x0 /usr/local/ps3dev/portlibs/ppu/lib/libz.a(uncompr.o)
 *fill*         0x000000000002b1c4        0x4 60000000
 .text.uncompress2
                0x000000000002b1c8      0x210 /usr/local/ps3dev/portlibs/ppu/lib/libz.a(uncompr.o)
 .text.uncompress
                0x000000000002b3d8      0x1f0 /usr/local/ps3dev/portlibs/ppu/lib/libz.a(uncompr.o)
 .text          0x000000000002b5c8        0x0 /usr/local/ps3dev/portlibs/ppu/lib/libz.a(adler32.o)
 .text.adler32_z
                0x000000000002b5c8      0x66c /usr/local/ps3dev/portlibs/ppu/lib/libz.a(adler32.o)
 *fill*         0x000000000002bc34        0x4 60000000
 .text.adler32  0x000000000002bc38       0x10 /usr/local/ps3dev/portlibs/ppu/lib/libz.a(adler32.o)
 .text.adler32_combine
                0x000000000002bc48      0x118 /usr/local/ps3dev/portlibs/ppu/lib/libz.a(adler32.o)
 .text.adler32_combine64
                0x000000000002bd60      0x118 /usr/local/ps3dev/portlibs/ppu/lib/libz.a(adler32.o)
 .text          0x000000000002be78        0x0 /usr/local/ps3dev/portlibs/ppu/lib/libz.a(inffast.o)
 .text.inflate_fast
                0x000000000002be78     0x1458 /usr/local/ps3dev/portlibs/ppu/lib/libz.a(inffast.o)
 .text          0x000000000002d2d0        0x0 /usr/local/ps3dev/ppu/lib/libnet.a(init.o)
 .text.netInitialize
                0x000000000002d2d0       0xe8 /usr/local/ps3dev/ppu/lib/libnet.a(init.o)
 .text.netDeinitialize
                0x000000000002d3b8       0x68 /usr/local/ps3dev/ppu/lib/libnet.a(init.o)
 .text          0x000000000002d420        0x0 /usr/local/ps3dev/ppu/lib/libnet.a(socket.o)
 .text.copyhost
                0x000000000002d420       0xc0 /usr/local/ps3dev/ppu/lib/libnet.a(socket.o)
 .text.netErrno
                0x000000000002d4e0       0xb4 /usr/local/ps3dev/ppu/lib/libnet.a(socket.o)
 *fill*         0x000000000002d594        0x4 60000000
 .text.accept   0x000000000002d598       0xf8 /usr/local/ps3dev/ppu/lib/libnet.a(socket.o)
 .text.bind     0x000000000002d690       0x6c /usr/local/ps3dev/ppu/lib/libnet.a(socket.o)
 *fill*         0x000000000002d6fc        0x4 60000000
 .text.connect  0x000000000002d700       0x6c /usr/local/ps3dev/ppu/lib/libnet.a(socket.o)
 *fill*         0x000000000002d76c        0x4 60000000
 .text.listen   0x000000000002d770       0x6c /usr/local/ps3dev/ppu/lib/libnet.a(socket.o)
 *fill*         0x000000000002d7dc        0x4 60000000
 .text.socket   0x000000000002d7e0       0x7c /usr/local/ps3dev/ppu/lib/libnet.a(socket.o)
 *fill*         0x000000000002d85c        0x4 60000000
 .text.send     0x000000000002d860       0x6c /usr/local/ps3dev/ppu/lib/libnet.a(socket.o)
 *fill*         0x000000000002d8cc        0x4 60000000
 .text.sendto   0x000000000002d8d0       0x6c /usr/local/ps3dev/ppu/lib/libnet.a(socket.o)
 *fill*         0x000000000002d93c        0x4 60000000
 .text.recv     0x000000000002d940       0x6c /usr/local/ps3dev/ppu/lib/libnet.a(socket.o)
 *fill*         0x000000000002d9ac        0x4 60000000
 .text.recvfrom
                0x000000000002d9b0       0xd8 /usr/local/ps3dev/ppu/lib/libnet.a(socket.o)
 .text.shutdown
                0x000000000002da88       0x6c /usr/local/ps3dev/ppu/lib/libnet.a(socket.o)
 *fill*         0x000000000002daf4        0x4 60000000
 .text.closesocket
                0x000000000002daf8       0x6c /usr/local/ps3dev/ppu/lib/libnet.a(socket.o)
 *fill*         0x000000000002db64        0x4 60000000
 .text.poll     0x000000000002db68       0xf0 /usr/local/ps3dev/ppu/lib/libnet.a(socket.o)
 .text.select   0x000000000002dc58       0x6c /usr/local/ps3dev/ppu/lib/libnet.a(socket.o)
 *fill*         0x000000000002dcc4        0x4 60000000
 .text.getsockname
                0x000000000002dcc8       0xf0 /usr/local/ps3dev/ppu/lib/libnet.a(socket.o)
 .text.getpeername
                0x000000000002ddb8       0xf0 /usr/local/ps3dev/ppu/lib/libnet.a(socket.o)
 .text.gethostbyaddr
                0x000000000002dea8       0xbc /usr/local/ps3dev/ppu/lib/libnet.a(socket.o)
 *fill*         0x000000000002df64        0x4 60000000
 .text.gethostbyname
                0x000000000002df68       0xbc /usr/local/ps3dev/ppu/lib/libnet.a(socket.o)
 *fill*         0x000000000002e024        0x4 60000000
 .text.getsockopt
                0x000000000002e028       0x78 /usr/local/ps3dev/ppu/lib/libnet.a(socket.o)
 .text.setsockopt
                0x000000000002e0a0       0x78 /usr/local/ps3dev/ppu/lib/libnet.a(socket.o)
 .text.getservbyport
                0x000000000002e118      0x1e4 /usr/local/ps3dev/ppu/lib/libnet.a(socket.o)
 .text          0x000000000002e2fc        0x0 /usr/local/ps3dev/ppu/lib/libnet.a(sprx.o)
 .text          0x000000000002e2fc        0x0 /usr/local/ps3dev/ppu/lib/librsx.a(init.o)
 *fill*         0x000000000002e2fc        0x4 60000000
 .text.rsxInit  0x000000000002e300       0x9c /usr/local/ps3dev/ppu/lib/librsx.a(init.o)
 *fill*         0x000000000002e39c        0x4 60000000
 .text.rsxSetupContextData
                0x000000000002e3a0       0x48 /usr/local/ps3dev/ppu/lib/librsx.a(init.o)
 .text.rsxSetCurrentBuffer
                0x000000000002e3e8       0x48 /usr/local/ps3dev/ppu/lib/librsx.a(init.o)
 .text.rsxSetDefaultCommandBuffer
                0x000000000002e430       0x50 /usr/local/ps3dev/ppu/lib/librsx.a(init.o)
 .text.rsxSetUserCallback
                0x000000000002e480       0x18 /usr/local/ps3dev/ppu/lib/librsx.a(init.o)
 .text.rsxGetCurrentBuffer
                0x000000000002e498       0x1c /usr/local/ps3dev/ppu/lib/librsx.a(init.o)
 .text          0x000000000002e4b4        0x0 /usr/local/ps3dev/ppu/lib/librsx.a(buffer.o)
 *fill*         0x000000000002e4b4        0x4 60000000
 .text.rsxResetCommandBufferUnsafe
                0x000000000002e4b8       0x80 /usr/local/ps3dev/ppu/lib/librsx.a(buffer.o)
 .text.rsxFlushBufferUnsafe
                0x000000000002e538       0x78 /usr/local/ps3dev/ppu/lib/librsx.a(buffer.o)
 .text.rsxFinishUnsafe
                0x000000000002e5b0       0x84 /usr/local/ps3dev/ppu/lib/librsx.a(buffer.o)
 *fill*         0x000000000002e634        0x4 60000000
 .text.rsxResetCommandBuffer
                0x000000000002e638       0x80 /usr/local/ps3dev/ppu/lib/librsx.a(buffer.o)
 .text.rsxFlushBuffer
                0x000000000002e6b8       0x10 /usr/local/ps3dev/ppu/lib/librsx.a(buffer.o)
 .text.rsxFinish
                0x000000000002e6c8       0x84 /usr/local/ps3dev/ppu/lib/librsx.a(buffer.o)
 .text          0x000000000002e74c        0x0 /usr/local/ps3dev/ppu/lib/librsx.a(commands.o)
 *fill*         0x000000000002e74c        0x4 60000000
 .text.rsxSetReturnCommandUnsafe
                0x000000000002e750       0x24 /usr/local/ps3dev/ppu/lib/librsx.a(commands.o)
 *fill*         0x000000000002e774        0x4 60000000
 .text.rsxSetCallCommandUnsafe
                0x000000000002e778       0x24 /usr/local/ps3dev/ppu/lib/librsx.a(commands.o)
 *fill*         0x000000000002e79c        0x4 60000000
 .text.rsxSetJumpCommandUnsafe
                0x000000000002e7a0       0x24 /usr/local/ps3dev/ppu/lib/librsx.a(commands.o)
 *fill*         0x000000000002e7c4        0x4 60000000
 .text.rsxSetNopCommandUnsafe
                0x000000000002e7c8       0x98 /usr/local/ps3dev/ppu/lib/librsx.a(commands.o)
 .text.rsxSetSkipNopUnsafe
                0x000000000002e860       0x34 /usr/local/ps3dev/ppu/lib/librsx.a(commands.o)
 *fill*         0x000000000002e894        0x4 60000000
 .text.rsxSetClearColorUnsafe
                0x000000000002e898       0x2c /usr/local/ps3dev/ppu/lib/librsx.a(commands.o)
 *fill*         0x000000000002e8c4        0x4 60000000
 .text.rsxSetClearDepthStencilUnsafe
                0x000000000002e8c8       0x2c /usr/local/ps3dev/ppu/lib/librsx.a(commands.o)
 *fill*         0x000000000002e8f4        0x4 60000000
 .text.rsxSetReferenceCommandUnsafe
                0x000000000002e8f8       0x2c /usr/local/ps3dev/ppu/lib/librsx.a(commands.o)
 *fill*         0x000000000002e924        0x4 60000000
 .text.rsxSetWriteBackendLabelUnsafe
                0x000000000002e928       0x58 /usr/local/ps3dev/ppu/lib/librsx.a(commands.o)
 .text.rsxSetWriteTextureLabelUnsafe
                0x000000000002e980       0x40 /usr/local/ps3dev/ppu/lib/librsx.a(commands.o)
 .text.rsxSetWaitLabelUnsafe
                0x000000000002e9c0       0x40 /usr/local/ps3dev/ppu/lib/librsx.a(commands.o)
 .text.rsxSetWriteCommandLabelUnsafe
                0x000000000002ea00       0x40 /usr/local/ps3dev/ppu/lib/librsx.a(commands.o)
 .text.rsxSetSurfaceUnsafe
                0x000000000002ea40      0x1cc /usr/local/ps3dev/ppu/lib/librsx.a(commands.o)
 *fill*         0x000000000002ec0c        0x4 60000000
 .text.rsxSetColorMaskUnsafe
                0x000000000002ec10       0x2c /usr/local/ps3dev/ppu/lib/librsx.a(commands.o)
 *fill*         0x000000000002ec3c        0x4 60000000
 .text.rsxSetColorMaskMrtUnsafe
                0x000000000002ec40       0x2c /usr/local/ps3dev/ppu/lib/librsx.a(commands.o)
 *fill*         0x000000000002ec6c        0x4 60000000
 .text.rsxSetShadeModelUnsafe
                0x000000000002ec70       0x2c /usr/local/ps3dev/ppu/lib/librsx.a(commands.o)
 *fill*         0x000000000002ec9c        0x4 60000000
 .text.rsxSetViewportUnsafe
                0x000000000002eca0      0x108 /usr/local/ps3dev/ppu/lib/librsx.a(commands.o)
 .text.rsxSetViewportClipUnsafe
                0x000000000002eda8       0x44 /usr/local/ps3dev/ppu/lib/librsx.a(commands.o)
 *fill*         0x000000000002edec        0x4 60000000
 .text.rsxSetUserClipPlaneControlUnsafe
                0x000000000002edf0       0x54 /usr/local/ps3dev/ppu/lib/librsx.a(commands.o)
 *fill*         0x000000000002ee44        0x4 60000000
 .text.rsxSetDepthTestEnableUnsafe
                0x000000000002ee48       0x2c /usr/local/ps3dev/ppu/lib/librsx.a(commands.o)
 *fill*         0x000000000002ee74        0x4 60000000
 .text.rsxSetDepthFuncUnsafe
                0x000000000002ee78       0x2c /usr/local/ps3dev/ppu/lib/librsx.a(commands.o)
 *fill*         0x000000000002eea4        0x4 60000000
 .text.rsxSetDepthWriteEnableUnsafe
                0x000000000002eea8       0x2c /usr/local/ps3dev/ppu/lib/librsx.a(commands.o)
 *fill*         0x000000000002eed4        0x4 60000000
 .text.rsxSetDepthFormatUnsafe
                0x000000000002eed8       0x34 /usr/local/ps3dev/ppu/lib/librsx.a(commands.o)
 *fill*         0x000000000002ef0c        0x4 60000000
 .text.rsxSetCullFaceEnableUnsafe
                0x000000000002ef10       0x2c /usr/local/ps3dev/ppu/lib/librsx.a(commands.o)
 *fill*         0x000000000002ef3c        0x4 60000000
 .text.rsxSetCullFaceUnsafe
                0x000000000002ef40       0x2c /usr/local/ps3dev/ppu/lib/librsx.a(commands.o)
 *fill*         0x000000000002ef6c        0x4 60000000
 .text.rsxSetFrontFaceUnsafe
                0x000000000002ef70       0x2c /usr/local/ps3dev/ppu/lib/librsx.a(commands.o)
 *fill*         0x000000000002ef9c        0x4 60000000
 .text.rsxSetFrontPolygonModeUnsafe
                0x000000000002efa0       0x2c /usr/local/ps3dev/ppu/lib/librsx.a(commands.o)
 *fill*         0x000000000002efcc        0x4 60000000
 .text.rsxSetBackPolygonModeUnsafe
                0x000000000002efd0       0x2c /usr/local/ps3dev/ppu/lib/librsx.a(commands.o)
 *fill*         0x000000000002effc        0x4 60000000
 .text.rsxSetPolygonOffsetFillEnableUnsafe
                0x000000000002f000       0x2c /usr/local/ps3dev/ppu/lib/librsx.a(commands.o)
 *fill*         0x000000000002f02c        0x4 60000000
 .text.rsxSetPolygonOffsetUnsafe
                0x000000000002f030       0x40 /usr/local/ps3dev/ppu/lib/librsx.a(commands.o)
 .text.rsxSetPolygonOffsetLineEnableUnsafe
                0x000000000002f070       0x2c /usr/local/ps3dev/ppu/lib/librsx.a(commands.o)
 *fill*         0x000000000002f09c        0x4 60000000
 .text.rsxClearSurfaceUnsafe
                0x000000000002f0a0       0x3c /usr/local/ps3dev/ppu/lib/librsx.a(commands.o)
 *fill*         0x000000000002f0dc        0x4 60000000
 .text.rsxSetCylindricalWrapUnsafe
                0x000000000002f0e0       0x2c /usr/local/ps3dev/ppu/lib/librsx.a(commands.o)
 *fill*         0x000000000002f10c        0x4 60000000
 .text.rsxSetTwoSideLightEnableUnsafe
                0x000000000002f110       0x2c /usr/local/ps3dev/ppu/lib/librsx.a(commands.o)
 *fill*         0x000000000002f13c        0x4 60000000
 .text.rsxSetStencilFuncUnsafe
                0x000000000002f140       0x34 /usr/local/ps3dev/ppu/lib/librsx.a(commands.o)
 *fill*         0x000000000002f174        0x4 60000000
 .text.rsxSetStencilMaskUnsafe
                0x000000000002f178       0x2c /usr/local/ps3dev/ppu/lib/librsx.a(commands.o)
 *fill*         0x000000000002f1a4        0x4 60000000
 .text.rsxSetStencilOpUnsafe
                0x000000000002f1a8       0x34 /usr/local/ps3dev/ppu/lib/librsx.a(commands.o)
 *fill*         0x000000000002f1dc        0x4 60000000
 .text.rsxSetStencilTestEnableUnsafe
                0x000000000002f1e0       0x2c /usr/local/ps3dev/ppu/lib/librsx.a(commands.o)
 *fill*         0x000000000002f20c        0x4 60000000
 .text.rsxSetBackStencilFuncUnsafe
                0x000000000002f210       0x34 /usr/local/ps3dev/ppu/lib/librsx.a(commands.o)
 *fill*         0x000000000002f244        0x4 60000000
 .text.rsxSetBackStencilMaskUnsafe
                0x000000000002f248       0x2c /usr/local/ps3dev/ppu/lib/librsx.a(commands.o)
 *fill*         0x000000000002f274        0x4 60000000
 .text.rsxSetBackStencilOpUnsafe
                0x000000000002f278       0x34 /usr/local/ps3dev/ppu/lib/librsx.a(commands.o)
 *fill*         0x000000000002f2ac        0x4 60000000
 .text.rsxSetTwoSidedStencilTestEnableUnsafe
                0x000000000002f2b0       0x2c /usr/local/ps3dev/ppu/lib/librsx.a(commands.o)
 *fill*         0x000000000002f2dc        0x4 60000000
 .text.rsxSetRenderEnableUnsafe
                0x000000000002f2e0       0x70 /usr/local/ps3dev/ppu/lib/librsx.a(commands.o)
 .text.rsxSetReportUnsafe
                0x000000000002f350       0x38 /usr/local/ps3dev/ppu/lib/librsx.a(commands.o)
 .text.rsxSetClearReportUnsafe
                0x000000000002f388       0x2c /usr/local/ps3dev/ppu/lib/librsx.a(commands.o)
 *fill*         0x000000000002f3b4        0x4 60000000
 .text.rsxSetZPixelCountEnableUnsafe
                0x000000000002f3b8       0x2c /usr/local/ps3dev/ppu/lib/librsx.a(commands.o)
 *fill*         0x000000000002f3e4        0x4 60000000
 .text.rsxSetSCullControlUnsafe
                0x000000000002f3e8       0x3c /usr/local/ps3dev/ppu/lib/librsx.a(commands.o)
 *fill*         0x000000000002f424        0x4 60000000
 .text.rsxSetZCullLimitUnsafe
                0x000000000002f428       0x34 /usr/local/ps3dev/ppu/lib/librsx.a(commands.o)
 *fill*         0x000000000002f45c        0x4 60000000
 .text.rsxSetZCullStatsEnableUnsafe
                0x000000000002f460       0x2c /usr/local/ps3dev/ppu/lib/librsx.a(commands.o)
 *fill*         0x000000000002f48c        0x4 60000000
 .text.rsxSetZCullControlUnsafe
                0x000000000002f490       0x34 /usr/local/ps3dev/ppu/lib/librsx.a(commands.o)
 *fill*         0x000000000002f4c4        0x4 60000000
 .text.rsxSetClearZCullSurfaceUnsafe
                0x000000000002f4c8       0x34 /usr/local/ps3dev/ppu/lib/librsx.a(commands.o)
 *fill*         0x000000000002f4fc        0x4 60000000
 .text.rsxSetZCullEnableUnsafe
                0x000000000002f500       0x34 /usr/local/ps3dev/ppu/lib/librsx.a(commands.o)
 *fill*         0x000000000002f534        0x4 60000000
 .text.rsxSetZCullInvalidateUnsafe
                0x000000000002f538       0x2c /usr/local/ps3dev/ppu/lib/librsx.a(commands.o)
 *fill*         0x000000000002f564        0x4 60000000
 .text.rsxSetPolygonSmoothEnableUnsafe
                0x000000000002f568       0x2c /usr/local/ps3dev/ppu/lib/librsx.a(commands.o)
 *fill*         0x000000000002f594        0x4 60000000
 .text.rsxSetDitherEnableUnsafe
                0x000000000002f598       0x2c /usr/local/ps3dev/ppu/lib/librsx.a(commands.o)
 *fill*         0x000000000002f5c4        0x4 60000000
 .text.rsxLoadVertexProgramBlockUnsafe
                0x000000000002f5c8      0x2ac /usr/local/ps3dev/ppu/lib/librsx.a(commands.o)
 *fill*         0x000000000002f874        0x4 60000000
 .text.rsxLoadFragmentProgramLocationUnsafe
                0x000000000002f878      0x16c /usr/local/ps3dev/ppu/lib/librsx.a(commands.o)
 *fill*         0x000000000002f9e4        0x4 60000000
 .text.rsxUpdateFragmentProgramLocationUnsafe
                0x000000000002f9e8       0x38 /usr/local/ps3dev/ppu/lib/librsx.a(commands.o)
 .text.rsxSetFragmentProgramControlUnsafe
                0x000000000002fa20       0x54 /usr/local/ps3dev/ppu/lib/librsx.a(commands.o)
 *fill*         0x000000000002fa74        0x4 60000000
 .text.rsxLoadVertexProgramParameterBlockUnsafe
                0x000000000002fa78      0x290 /usr/local/ps3dev/ppu/lib/librsx.a(commands.o)
 .text.rsxLoadVertexProgramUnsafe
                0x000000000002fd08       0xec /usr/local/ps3dev/ppu/lib/librsx.a(commands.o)
 *fill*         0x000000000002fdf4        0x4 60000000
 .text.rsxSetVertexProgramParameterUnsafe
                0x000000000002fdf8      0x218 /usr/local/ps3dev/ppu/lib/librsx.a(commands.o)
 .text.rsxSetVertexProgramConstantsUnsafe
                0x0000000000030010      0x210 /usr/local/ps3dev/ppu/lib/librsx.a(commands.o)
 .text.rsxSetVertexAttribOutputMaskUnsafe
                0x0000000000030220       0x2c /usr/local/ps3dev/ppu/lib/librsx.a(commands.o)
 *fill*         0x000000000003024c        0x4 60000000
 .text.rsxSetFragmentProgramGammaEnableUnsafe
                0x0000000000030250       0x2c /usr/local/ps3dev/ppu/lib/librsx.a(commands.o)
 *fill*         0x000000000003027c        0x4 60000000
 .text.rsxDrawVertexBeginUnsafe
                0x0000000000030280       0x2c /usr/local/ps3dev/ppu/lib/librsx.a(commands.o)
 *fill*         0x00000000000302ac        0x4 60000000
 .text.rsxDrawVertexEndUnsafe
                0x00000000000302b0       0x2c /usr/local/ps3dev/ppu/lib/librsx.a(commands.o)
 *fill*         0x00000000000302dc        0x4 60000000
 .text.rsxDrawVertex1fUnsafe
                0x00000000000302e0       0x38 /usr/local/ps3dev/ppu/lib/librsx.a(commands.o)
 .text.rsxDrawVertex2fUnsafe
                0x0000000000030318       0x40 /usr/local/ps3dev/ppu/lib/librsx.a(commands.o)
 .text.rsxDrawVertex3fUnsafe
                0x0000000000030358       0x48 /usr/local/ps3dev/ppu/lib/librsx.a(commands.o)
 .text.rsxDrawVertex4fUnsafe
                0x00000000000303a0       0x48 /usr/local/ps3dev/ppu/lib/librsx.a(commands.o)
 .text.rsxDrawVertex4sUnsafe
                0x00000000000303e8       0x5c /usr/local/ps3dev/ppu/lib/librsx.a(commands.o)
 *fill*         0x0000000000030444        0x4 60000000
 .text.rsxDrawVertexScaled4sUnsafe
                0x0000000000030448       0x5c /usr/local/ps3dev/ppu/lib/librsx.a(commands.o)
 *fill*         0x00000000000304a4        0x4 60000000
 .text.rsxDrawVertex2sUnsafe
                0x00000000000304a8       0x44 /usr/local/ps3dev/ppu/lib/librsx.a(commands.o)
 *fill*         0x00000000000304ec        0x4 60000000
 .text.rsxDrawVertex4ubUnsafe
                0x00000000000304f0       0x34 /usr/local/ps3dev/ppu/lib/librsx.a(commands.o)
 *fill*         0x0000000000030524        0x4 60000000
 .text.rsxSetFrequencyDividerOperationUnsafe
                0x0000000000030528       0x2c /usr/local/ps3dev/ppu/lib/librsx.a(commands.o)
 *fill*         0x0000000000030554        0x4 60000000
 .text.rsxInvalidateVertexCacheUnsafe
                0x0000000000030558       0x44 /usr/local/ps3dev/ppu/lib/librsx.a(commands.o)
 *fill*         0x000000000003059c        0x4 60000000
 .text.rsxInvalidateTextureCacheUnsafe
                0x00000000000305a0       0x2c /usr/local/ps3dev/ppu/lib/librsx.a(commands.o)
 *fill*         0x00000000000305cc        0x4 60000000
 .text.rsxLoadTextureUnsafe
                0x00000000000305d0       0xc0 /usr/local/ps3dev/ppu/lib/librsx.a(commands.o)
 .text.rsxLoadVertexTextureUnsafe
                0x0000000000030690       0x8c /usr/local/ps3dev/ppu/lib/librsx.a(commands.o)
 *fill*         0x000000000003071c        0x4 60000000
 .text.rsxTextureControlUnsafe
                0x0000000000030720       0x4c /usr/local/ps3dev/ppu/lib/librsx.a(commands.o)
 *fill*         0x000000000003076c        0x4 60000000
 .text.rsxVertexTextureControlUnsafe
                0x0000000000030770       0x44 /usr/local/ps3dev/ppu/lib/librsx.a(commands.o)
 *fill*         0x00000000000307b4        0x4 60000000
 .text.rsxTextureFilterUnsafe
                0x00000000000307b8       0x44 /usr/local/ps3dev/ppu/lib/librsx.a(commands.o)
 *fill*         0x00000000000307fc        0x4 60000000
 .text.rsxVertexTextureFilterUnsafe
                0x0000000000030800       0x30 /usr/local/ps3dev/ppu/lib/librsx.a(commands.o)
 .text.rsxTextureWrapModeUnsafe
                0x0000000000030830       0x58 /usr/local/ps3dev/ppu/lib/librsx.a(commands.o)
 .text.rsxVertexTextureWrapModeUnsafe
                0x0000000000030888       0x38 /usr/local/ps3dev/ppu/lib/librsx.a(commands.o)
 .text.rsxTextureBorderColorUnsafe
                0x00000000000308c0       0x30 /usr/local/ps3dev/ppu/lib/librsx.a(commands.o)
 .text.rsxVertexTextureBorderColorUnsafe
                0x00000000000308f0       0x30 /usr/local/ps3dev/ppu/lib/librsx.a(commands.o)
 .text.rsxTextureOptimizationUnsafe
                0x0000000000030920       0x44 /usr/local/ps3dev/ppu/lib/librsx.a(commands.o)
 *fill*         0x0000000000030964        0x4 60000000
 .text.rsxTextureAnisoSpreadUnsafe
                0x0000000000030968       0x5c /usr/local/ps3dev/ppu/lib/librsx.a(commands.o)
 *fill*         0x00000000000309c4        0x4 60000000
 .text.rsxSetZMinMaxControlUnsafe
                0x00000000000309c8       0x3c /usr/local/ps3dev/ppu/lib/librsx.a(commands.o)
 *fill*         0x0000000000030a04        0x4 60000000
 .text.rsxSetDepthBoundsTestEnableUnsafe
                0x0000000000030a08       0x2c /usr/local/ps3dev/ppu/lib/librsx.a(commands.o)
 *fill*         0x0000000000030a34        0x4 60000000
 .text.rsxSetDepthBoundsUnsafe
                0x0000000000030a38       0x40 /usr/local/ps3dev/ppu/lib/librsx.a(commands.o)
 .text.rsxBindVertexArrayAttribUnsafe
                0x0000000000030a78       0x60 /usr/local/ps3dev/ppu/lib/librsx.a(commands.o)
 .text.rsxDrawVertexArrayUnsafe
                0x0000000000030ad8      0x1e4 /usr/local/ps3dev/ppu/lib/librsx.a(commands.o)
 *fill*         0x0000000000030cbc        0x4 60000000
 .text.rsxDrawInlineVertexArrayUnsafe
                0x0000000000030cc0      0x1a0 /usr/local/ps3dev/ppu/lib/librsx.a(commands.o)
 .text.rsxDrawIndexArrayUnsafe
                0x0000000000030e60      0x23c /usr/local/ps3dev/ppu/lib/librsx.a(commands.o)
 *fill*         0x000000000003109c        0x4 60000000
 .text.rsxDrawInlineIndexArray16Unsafe
                0x00000000000310a0      0x208 /usr/local/ps3dev/ppu/lib/librsx.a(commands.o)
 .text.rsxDrawInlineIndexArray32Unsafe
                0x00000000000312a8      0x1a8 /usr/local/ps3dev/ppu/lib/librsx.a(commands.o)
 .text.rsxSetRestartIndexEnableUnsafe
                0x0000000000031450       0x2c /usr/local/ps3dev/ppu/lib/librsx.a(commands.o)
 *fill*         0x000000000003147c        0x4 60000000
 .text.rsxSetRestartIndexUnsafe
                0x0000000000031480       0x2c /usr/local/ps3dev/ppu/lib/librsx.a(commands.o)
 *fill*         0x00000000000314ac        0x4 60000000
 .text.rsxSetScissorUnsafe
                0x00000000000314b0       0x40 /usr/local/ps3dev/ppu/lib/librsx.a(commands.o)
 .text.rsxSetAntialiasingControlUnsafe
                0x00000000000314f0       0x44 /usr/local/ps3dev/ppu/lib/librsx.a(commands.o)
 *fill*         0x0000000000031534        0x4 60000000
 .text.rsxInlineTransferUnsafe
                0x0000000000031538      0x18c /usr/local/ps3dev/ppu/lib/librsx.a(commands.o)
 *fill*         0x00000000000316c4        0x4 60000000
 .text.rsxSetFragmentProgramParameterUnsafe
                0x00000000000316c8      0x5d8 /usr/local/ps3dev/ppu/lib/librsx.a(commands.o)
 .text.rsxSetAlphaFuncUnsafe
                0x0000000000031ca0       0x30 /usr/local/ps3dev/ppu/lib/librsx.a(commands.o)
 .text.rsxSetAlphaTestEnableUnsafe
                0x0000000000031cd0       0x2c /usr/local/ps3dev/ppu/lib/librsx.a(commands.o)
 *fill*         0x0000000000031cfc        0x4 60000000
 .text.rsxSetBlendFuncUnsafe
                0x0000000000031d00       0x40 /usr/local/ps3dev/ppu/lib/librsx.a(commands.o)
 .text.rsxSetBlendEquationUnsafe
                0x0000000000031d40       0x34 /usr/local/ps3dev/ppu/lib/librsx.a(commands.o)
 *fill*         0x0000000000031d74        0x4 60000000
 .text.rsxSetBlendColorUnsafe
                0x0000000000031d78       0x3c /usr/local/ps3dev/ppu/lib/librsx.a(commands.o)
 *fill*         0x0000000000031db4        0x4 60000000
 .text.rsxSetBlendEnableUnsafe
                0x0000000000031db8       0x2c /usr/local/ps3dev/ppu/lib/librsx.a(commands.o)
 *fill*         0x0000000000031de4        0x4 60000000
 .text.rsxSetBlendOptimizationUnsafe
                0x0000000000031de8       0x2c /usr/local/ps3dev/ppu/lib/librsx.a(commands.o)
 *fill*         0x0000000000031e14        0x4 60000000
 .text.rsxSetBlendEnableMrtUnsafe
                0x0000000000031e18       0x40 /usr/local/ps3dev/ppu/lib/librsx.a(commands.o)
 .text.rsxSetLogicOpUnsafe
                0x0000000000031e58       0x2c /usr/local/ps3dev/ppu/lib/librsx.a(commands.o)
 *fill*         0x0000000000031e84        0x4 60000000
 .text.rsxSetLogicOpEnableUnsafe
                0x0000000000031e88       0x2c /usr/local/ps3dev/ppu/lib/librsx.a(commands.o)
 *fill*         0x0000000000031eb4        0x4 60000000
 .text.rsxSetFogModeUnsafe
                0x0000000000031eb8       0x2c /usr/local/ps3dev/ppu/lib/librsx.a(commands.o)
 *fill*         0x0000000000031ee4        0x4 60000000
 .text.rsxSetFogParamsUnsafe
                0x0000000000031ee8       0x40 /usr/local/ps3dev/ppu/lib/librsx.a(commands.o)
 .text.rsxSetTransformBranchBitsUnsafe
                0x0000000000031f28       0x2c /usr/local/ps3dev/ppu/lib/librsx.a(commands.o)
 *fill*         0x0000000000031f54        0x4 60000000
 .text.rsxSetPointSpriteControlUnsafe
                0x0000000000031f58       0x48 /usr/local/ps3dev/ppu/lib/librsx.a(commands.o)
 .text.rsxSetPointSizeUnsafe
                0x0000000000031fa0       0x34 /usr/local/ps3dev/ppu/lib/librsx.a(commands.o)
 *fill*         0x0000000000031fd4        0x4 60000000
 .text.rsxSetTransferDataUnsafe
                0x0000000000031fd8      0x1a4 /usr/local/ps3dev/ppu/lib/librsx.a(commands.o)
 *fill*         0x000000000003217c        0x4 60000000
 .text.rsxSetTransferDataModeUnsafe
                0x0000000000032180       0x70 /usr/local/ps3dev/ppu/lib/librsx.a(commands.o)
 .text.rsxSetTransferDataOffsetUnsafe
                0x00000000000321f0       0x5c /usr/local/ps3dev/ppu/lib/librsx.a(commands.o)
 *fill*         0x000000000003224c        0x4 60000000
 .text.rsxSetTransferDataFormatUnsafe
                0x0000000000032250       0x44 /usr/local/ps3dev/ppu/lib/librsx.a(commands.o)
 *fill*         0x0000000000032294        0x4 60000000
 .text.rsxSetTransferImageUnsafe
                0x0000000000032298      0x4ac /usr/local/ps3dev/ppu/lib/librsx.a(commands.o)
 *fill*         0x0000000000032744        0x4 60000000
 .text.rsxSetTransferScaleModeUnsafe
                0x0000000000032748       0xe8 /usr/local/ps3dev/ppu/lib/librsx.a(commands.o)
 .text.rsxSetTransferScaleSurfaceUnsafe
                0x0000000000032830      0x140 /usr/local/ps3dev/ppu/lib/librsx.a(commands.o)
 .text.rsxSetTransferScaleSwizzleUnsafe
                0x0000000000032970      0x140 /usr/local/ps3dev/ppu/lib/librsx.a(commands.o)
 .text.rsxSetTimeStampUnsafe
                0x0000000000032ab0       0x34 /usr/local/ps3dev/ppu/lib/librsx.a(commands.o)
 *fill*         0x0000000000032ae4        0x4 60000000
 .text.rsxSetWaitForIdleUnsafe
                0x0000000000032ae8       0x2c /usr/local/ps3dev/ppu/lib/librsx.a(commands.o)
 *fill*         0x0000000000032b14        0x4 60000000
 .text.rsxContextCallback
                0x0000000000032b18       0x50 /usr/local/ps3dev/ppu/lib/librsx.a(commands.o)
 .text.rsxSetReturnCommand
                0x0000000000032b68       0x90 /usr/local/ps3dev/ppu/lib/librsx.a(commands.o)
 .text.rsxSetCallCommand
                0x0000000000032bf8       0x9c /usr/local/ps3dev/ppu/lib/librsx.a(commands.o)
 *fill*         0x0000000000032c94        0x4 60000000
 .text.rsxSetJumpCommand
                0x0000000000032c98       0x9c /usr/local/ps3dev/ppu/lib/librsx.a(commands.o)
 *fill*         0x0000000000032d34        0x4 60000000
 .text.rsxSetNopCommand
                0x0000000000032d38      0x118 /usr/local/ps3dev/ppu/lib/librsx.a(commands.o)
 .text.rsxSetSkipNop
                0x0000000000032e50       0xc0 /usr/local/ps3dev/ppu/lib/librsx.a(commands.o)
 .text.rsxSetClearColor
                0x0000000000032f10       0xa4 /usr/local/ps3dev/ppu/lib/librsx.a(commands.o)
 *fill*         0x0000000000032fb4        0x4 60000000
 .text.rsxSetClearDepthStencil
                0x0000000000032fb8       0xa4 /usr/local/ps3dev/ppu/lib/librsx.a(commands.o)
 *fill*         0x000000000003305c        0x4 60000000
 .text.rsxSetReferenceCommand
                0x0000000000033060       0xa4 /usr/local/ps3dev/ppu/lib/librsx.a(commands.o)
 *fill*         0x0000000000033104        0x4 60000000
 .text.rsxSetWriteBackendLabel
                0x0000000000033108       0xd8 /usr/local/ps3dev/ppu/lib/librsx.a(commands.o)
 .text.rsxSetWriteTextureLabel
                0x00000000000331e0       0xbc /usr/local/ps3dev/ppu/lib/librsx.a(commands.o)
 *fill*         0x000000000003329c        0x4 60000000
 .text.rsxSetWaitLabel
                0x00000000000332a0       0xbc /usr/local/ps3dev/ppu/lib/librsx.a(commands.o)
 *fill*         0x000000000003335c        0x4 60000000
 .text.rsxSetWriteCommandLabel
                0x0000000000033360       0xbc /usr/local/ps3dev/ppu/lib/librsx.a(commands.o)
 *fill*         0x000000000003341c        0x4 60000000
 .text.rsxSetSurface
                0x0000000000033420      0x254 /usr/local/ps3dev/ppu/lib/librsx.a(commands.o)
 *fill*         0x0000000000033674        0x4 60000000
 .text.rsxSetColorMask
                0x0000000000033678       0xa4 /usr/local/ps3dev/ppu/lib/librsx.a(commands.o)
 *fill*         0x000000000003371c        0x4 60000000
 .text.rsxSetColorMaskMrt
                0x0000000000033720       0xa4 /usr/local/ps3dev/ppu/lib/librsx.a(commands.o)
 *fill*         0x00000000000337c4        0x4 60000000
 .text.rsxSetShadeModel
                0x00000000000337c8       0xa4 /usr/local/ps3dev/ppu/lib/librsx.a(commands.o)
 *fill*         0x000000000003386c        0x4 60000000
 .text.rsxSetViewport
                0x0000000000033870      0x1e8 /usr/local/ps3dev/ppu/lib/librsx.a(commands.o)
 .text.rsxSetViewportClip
                0x0000000000033a58       0xcc /usr/local/ps3dev/ppu/lib/librsx.a(commands.o)
 *fill*         0x0000000000033b24        0x4 60000000
 .text.rsxSetUserClipPlaneControl
                0x0000000000033b28       0xf4 /usr/local/ps3dev/ppu/lib/librsx.a(commands.o)
 *fill*         0x0000000000033c1c        0x4 60000000
 .text.rsxSetDepthTestEnable
                0x0000000000033c20       0xa4 /usr/local/ps3dev/ppu/lib/librsx.a(commands.o)
 *fill*         0x0000000000033cc4        0x4 60000000
 .text.rsxSetDepthFunc
                0x0000000000033cc8       0xa4 /usr/local/ps3dev/ppu/lib/librsx.a(commands.o)
 *fill*         0x0000000000033d6c        0x4 60000000
 .text.rsxSetDepthWriteEnable
                0x0000000000033d70       0xa4 /usr/local/ps3dev/ppu/lib/librsx.a(commands.o)
 *fill*         0x0000000000033e14        0x4 60000000
 .text.rsxSetDepthFormat
                0x0000000000033e18       0xac /usr/local/ps3dev/ppu/lib/librsx.a(commands.o)
 *fill*         0x0000000000033ec4        0x4 60000000
 .text.rsxSetCullFaceEnable
                0x0000000000033ec8       0xa4 /usr/local/ps3dev/ppu/lib/librsx.a(commands.o)
 *fill*         0x0000000000033f6c        0x4 60000000
 .text.rsxSetCullFace
                0x0000000000033f70       0xa4 /usr/local/ps3dev/ppu/lib/librsx.a(commands.o)
 *fill*         0x0000000000034014        0x4 60000000
 .text.rsxSetFrontFace
                0x0000000000034018       0xa4 /usr/local/ps3dev/ppu/lib/librsx.a(commands.o)
 *fill*         0x00000000000340bc        0x4 60000000
 .text.rsxSetFrontPolygonMode
                0x00000000000340c0       0xa4 /usr/local/ps3dev/ppu/lib/librsx.a(commands.o)
 *fill*         0x0000000000034164        0x4 60000000
 .text.rsxSetBackPolygonMode
                0x0000000000034168       0xa4 /usr/local/ps3dev/ppu/lib/librsx.a(commands.o)
 *fill*         0x000000000003420c        0x4 60000000
 .text.rsxSetPolygonOffsetFillEnable
                0x0000000000034210       0xa4 /usr/local/ps3dev/ppu/lib/librsx.a(commands.o)
 *fill*         0x00000000000342b4        0x4 60000000
 .text.rsxSetPolygonOffset
                0x00000000000342b8       0xc0 /usr/local/ps3dev/ppu/lib/librsx.a(commands.o)
 .text.rsxSetPolygonOffsetLineEnable
                0x0000000000034378       0xa4 /usr/local/ps3dev/ppu/lib/librsx.a(commands.o)
 *fill*         0x000000000003441c        0x4 60000000
 .text.rsxClearSurface
                0x0000000000034420       0xb4 /usr/local/ps3dev/ppu/lib/librsx.a(commands.o)
 *fill*         0x00000000000344d4        0x4 60000000
 .text.rsxSetCylindricalWrap
                0x00000000000344d8       0xa4 /usr/local/ps3dev/ppu/lib/librsx.a(commands.o)
 *fill*         0x000000000003457c        0x4 60000000
 .text.rsxSetTwoSideLightEnable
                0x0000000000034580       0xa4 /usr/local/ps3dev/ppu/lib/librsx.a(commands.o)
 *fill*         0x0000000000034624        0x4 60000000
 .text.rsxSetStencilFunc
                0x0000000000034628       0xbc /usr/local/ps3dev/ppu/lib/librsx.a(commands.o)
 *fill*         0x00000000000346e4        0x4 60000000
 .text.rsxSetStencilMask
                0x00000000000346e8       0xa4 /usr/local/ps3dev/ppu/lib/librsx.a(commands.o)
 *fill*         0x000000000003478c        0x4 60000000
 .text.rsxSetStencilOp
                0x0000000000034790       0xbc /usr/local/ps3dev/ppu/lib/librsx.a(commands.o)
 *fill*         0x000000000003484c        0x4 60000000
 .text.rsxSetStencilTestEnable
                0x0000000000034850       0xa4 /usr/local/ps3dev/ppu/lib/librsx.a(commands.o)
 *fill*         0x00000000000348f4        0x4 60000000
 .text.rsxSetBackStencilFunc
                0x00000000000348f8       0xbc /usr/local/ps3dev/ppu/lib/librsx.a(commands.o)
 *fill*         0x00000000000349b4        0x4 60000000
 .text.rsxSetBackStencilMask
                0x00000000000349b8       0xa4 /usr/local/ps3dev/ppu/lib/librsx.a(commands.o)
 *fill*         0x0000000000034a5c        0x4 60000000
 .text.rsxSetBackStencilOp
                0x0000000000034a60       0xbc /usr/local/ps3dev/ppu/lib/librsx.a(commands.o)
 *fill*         0x0000000000034b1c        0x4 60000000
 .text.rsxSetTwoSidedStencilTestEnable
                0x0000000000034b20       0xa4 /usr/local/ps3dev/ppu/lib/librsx.a(commands.o)
 *fill*         0x0000000000034bc4        0x4 60000000
 .text.rsxSetRenderEnable
                0x0000000000034bc8      0x124 /usr/local/ps3dev/ppu/lib/librsx.a(commands.o)
 *fill*         0x0000000000034cec        0x4 60000000
 .text.rsxSetReport
                0x0000000000034cf0       0xc0 /usr/local/ps3dev/ppu/lib/librsx.a(commands.o)
 .text.rsxSetClearReport
                0x0000000000034db0       0xa4 /usr/local/ps3dev/ppu/lib/librsx.a(commands.o)
 *fill*         0x0000000000034e54        0x4 60000000
 .text.rsxSetZPixelCountEnable
                0x0000000000034e58       0xa4 /usr/local/ps3dev/ppu/lib/librsx.a(commands.o)
 *fill*         0x0000000000034efc        0x4 60000000
 .text.rsxSetSCullControl
                0x0000000000034f00       0xc4 /usr/local/ps3dev/ppu/lib/librsx.a(commands.o)
 *fill*         0x0000000000034fc4        0x4 60000000
 .text.rsxSetZCullLimit
                0x0000000000034fc8       0xb4 /usr/local/ps3dev/ppu/lib/librsx.a(commands.o)
 *fill*         0x000000000003507c        0x4 60000000
 .text.rsxSetZCullStatsEnable
                0x0000000000035080       0xa4 /usr/local/ps3dev/ppu/lib/librsx.a(commands.o)
 *fill*         0x0000000000035124        0x4 60000000
 .text.rsxSetZCullControl
                0x0000000000035128       0xb4 /usr/local/ps3dev/ppu/lib/librsx.a(commands.o)
 *fill*         0x00000000000351dc        0x4 60000000
 .text.rsxSetClearZCullSurface
                0x00000000000351e0       0xb4 /usr/local/ps3dev/ppu/lib/librsx.a(commands.o)
 *fill*         0x0000000000035294        0x4 60000000
 .text.rsxSetZCullEnable
                0x0000000000035298       0xb4 /usr/local/ps3dev/ppu/lib/librsx.a(commands.o)
 *fill*         0x000000000003534c        0x4 60000000
 .text.rsxSetZCullInvalidate
                0x0000000000035350       0x98 /usr/local/ps3dev/ppu/lib/librsx.a(commands.o)
 .text.rsxSetPolygonSmoothEnable
                0x00000000000353e8       0xa4 /usr/local/ps3dev/ppu/lib/librsx.a(commands.o)
 *fill*         0x000000000003548c        0x4 60000000
 .text.rsxSetDitherEnable
                0x0000000000035490       0xa4 /usr/local/ps3dev/ppu/lib/librsx.a(commands.o)
 *fill*         0x0000000000035534        0x4 60000000
 .text.rsxLoadVertexProgramBlock
                0x0000000000035538      0x384 /usr/local/ps3dev/ppu/lib/librsx.a(commands.o)
 *fill*         0x00000000000358bc        0x4 60000000
 .text.rsxLoadFragmentProgramLocation
                0x00000000000358c0      0x228 /usr/local/ps3dev/ppu/lib/librsx.a(commands.o)
 .text.rsxUpdateFragmentProgramLocation
                0x0000000000035ae8       0xbc /usr/local/ps3dev/ppu/lib/librsx.a(commands.o)
 *fill*         0x0000000000035ba4        0x4 60000000
 .text.rsxSetFragmentProgramControl
                0x0000000000035ba8       0xd4 /usr/local/ps3dev/ppu/lib/librsx.a(commands.o)
 *fill*         0x0000000000035c7c        0x4 60000000
 .text.rsxLoadVertexProgramParameterBlock
                0x0000000000035c80      0x320 /usr/local/ps3dev/ppu/lib/librsx.a(commands.o)
 .text.rsxLoadVertexProgram
                0x0000000000035fa0       0xec /usr/local/ps3dev/ppu/lib/librsx.a(commands.o)
 *fill*         0x000000000003608c        0x4 60000000
 .text.rsxSetVertexProgramParameter
                0x0000000000036090      0x218 /usr/local/ps3dev/ppu/lib/librsx.a(commands.o)
 .text.rsxSetVertexProgramConstants
                0x00000000000362a8      0x29c /usr/local/ps3dev/ppu/lib/librsx.a(commands.o)
 *fill*         0x0000000000036544        0x4 60000000
 .text.rsxSetVertexAttribOutputMask
                0x0000000000036548       0xa4 /usr/local/ps3dev/ppu/lib/librsx.a(commands.o)
 *fill*         0x00000000000365ec        0x4 60000000
 .text.rsxSetFragmentProgramGammaEnable
                0x00000000000365f0       0xa4 /usr/local/ps3dev/ppu/lib/librsx.a(commands.o)
 *fill*         0x0000000000036694        0x4 60000000
 .text.rsxDrawVertexBegin
                0x0000000000036698       0xa4 /usr/local/ps3dev/ppu/lib/librsx.a(commands.o)
 *fill*         0x000000000003673c        0x4 60000000
 .text.rsxDrawVertexEnd
                0x0000000000036740       0x98 /usr/local/ps3dev/ppu/lib/librsx.a(commands.o)
 .text.rsxDrawVertex1f
                0x00000000000367d8       0xc0 /usr/local/ps3dev/ppu/lib/librsx.a(commands.o)
 .text.rsxDrawVertex2f
                0x0000000000036898       0xbc /usr/local/ps3dev/ppu/lib/librsx.a(commands.o)
 *fill*         0x0000000000036954        0x4 60000000
 .text.rsxDrawVertex3f
                0x0000000000036958       0xbc /usr/local/ps3dev/ppu/lib/librsx.a(commands.o)
 *fill*         0x0000000000036a14        0x4 60000000
 .text.rsxDrawVertex4f
                0x0000000000036a18       0xbc /usr/local/ps3dev/ppu/lib/librsx.a(commands.o)
 *fill*         0x0000000000036ad4        0x4 60000000
 .text.rsxDrawVertex4s
                0x0000000000036ad8       0xdc /usr/local/ps3dev/ppu/lib/librsx.a(commands.o)
 *fill*         0x0000000000036bb4        0x4 60000000
 .text.rsxDrawVertexScaled4s
                0x0000000000036bb8       0xdc /usr/local/ps3dev/ppu/lib/librsx.a(commands.o)
 *fill*         0x0000000000036c94        0x4 60000000
 .text.rsxDrawVertex2s
                0x0000000000036c98       0xc4 /usr/local/ps3dev/ppu/lib/librsx.a(commands.o)
 *fill*         0x0000000000036d5c        0x4 60000000
 .text.rsxDrawVertex4ub
                0x0000000000036d60       0xb4 /usr/local/ps3dev/ppu/lib/librsx.a(commands.o)
 *fill*         0x0000000000036e14        0x4 60000000
 .text.rsxSetFrequencyDividerOperation
                0x0000000000036e18       0xa4 /usr/local/ps3dev/ppu/lib/librsx.a(commands.o)
 *fill*         0x0000000000036ebc        0x4 60000000
 .text.rsxInvalidateVertexCache
                0x0000000000036ec0       0xb0 /usr/local/ps3dev/ppu/lib/librsx.a(commands.o)
 .text.rsxInvalidateTextureCache
                0x0000000000036f70       0xa4 /usr/local/ps3dev/ppu/lib/librsx.a(commands.o)
 *fill*         0x0000000000037014        0x4 60000000
 .text.rsxLoadTexture
                0x0000000000037018      0x144 /usr/local/ps3dev/ppu/lib/librsx.a(commands.o)
 *fill*         0x000000000003715c        0x4 60000000
 .text.rsxLoadVertexTexture
                0x0000000000037160      0x134 /usr/local/ps3dev/ppu/lib/librsx.a(commands.o)
 *fill*         0x0000000000037294        0x4 60000000
 .text.rsxTextureControl
                0x0000000000037298       0xe4 /usr/local/ps3dev/ppu/lib/librsx.a(commands.o)
 *fill*         0x000000000003737c        0x4 60000000
 .text.rsxVertexTextureControl
                0x0000000000037380       0xd4 /usr/local/ps3dev/ppu/lib/librsx.a(commands.o)
 *fill*         0x0000000000037454        0x4 60000000
 .text.rsxTextureFilter
                0x0000000000037458       0xdc /usr/local/ps3dev/ppu/lib/librsx.a(commands.o)
 *fill*         0x0000000000037534        0x4 60000000
 .text.rsxVertexTextureFilter
                0x0000000000037538       0xb4 /usr/local/ps3dev/ppu/lib/librsx.a(commands.o)
 *fill*         0x00000000000375ec        0x4 60000000
 .text.rsxTextureWrapMode
                0x00000000000375f0      0x104 /usr/local/ps3dev/ppu/lib/librsx.a(commands.o)
 *fill*         0x00000000000376f4        0x4 60000000
 .text.rsxVertexTextureWrapMode
                0x00000000000376f8       0xc4 /usr/local/ps3dev/ppu/lib/librsx.a(commands.o)
 *fill*         0x00000000000377bc        0x4 60000000
 .text.rsxTextureBorderColor
                0x00000000000377c0       0xb4 /usr/local/ps3dev/ppu/lib/librsx.a(commands.o)
 *fill*         0x0000000000037874        0x4 60000000
 .text.rsxVertexTextureBorderColor
                0x0000000000037878       0xb4 /usr/local/ps3dev/ppu/lib/librsx.a(commands.o)
 *fill*         0x000000000003792c        0x4 60000000
 .text.rsxTextureOptimization
                0x0000000000037930       0xd4 /usr/local/ps3dev/ppu/lib/librsx.a(commands.o)
 *fill*         0x0000000000037a04        0x4 60000000
 .text.rsxTextureAnisoSpread
                0x0000000000037a08       0xe0 /usr/local/ps3dev/ppu/lib/librsx.a(commands.o)
 .text.rsxSetZMinMaxControl
                0x0000000000037ae8       0xc4 /usr/local/ps3dev/ppu/lib/librsx.a(commands.o)
 *fill*         0x0000000000037bac        0x4 60000000
 .text.rsxSetDepthBoundsTestEnable
                0x0000000000037bb0       0xa4 /usr/local/ps3dev/ppu/lib/librsx.a(commands.o)
 *fill*         0x0000000000037c54        0x4 60000000
 .text.rsxSetDepthBounds
                0x0000000000037c58       0xc0 /usr/local/ps3dev/ppu/lib/librsx.a(commands.o)
 .text.rsxBindVertexArrayAttrib
                0x0000000000037d18      0x10c /usr/local/ps3dev/ppu/lib/librsx.a(commands.o)
 *fill*         0x0000000000037e24        0x4 60000000
 .text.rsxDrawVertexArray
                0x0000000000037e28      0x2ec /usr/local/ps3dev/ppu/lib/librsx.a(commands.o)
 *fill*         0x0000000000038114        0x4 60000000
 .text.rsxDrawInlineVertexArray
                0x0000000000038118      0x294 /usr/local/ps3dev/ppu/lib/librsx.a(commands.o)
 *fill*         0x00000000000383ac        0x4 60000000
 .text.rsxDrawIndexArray
                0x00000000000383b0      0x398 /usr/local/ps3dev/ppu/lib/librsx.a(commands.o)
 .text.rsxDrawInlineIndexArray16
                0x0000000000038748      0x334 /usr/local/ps3dev/ppu/lib/librsx.a(commands.o)
 *fill*         0x0000000000038a7c        0x4 60000000
 .text.rsxDrawInlineIndexArray32
                0x0000000000038a80      0x29c /usr/local/ps3dev/ppu/lib/librsx.a(commands.o)
 *fill*         0x0000000000038d1c        0x4 60000000
 .text.rsxSetRestartIndexEnable
                0x0000000000038d20       0xa4 /usr/local/ps3dev/ppu/lib/librsx.a(commands.o)
 *fill*         0x0000000000038dc4        0x4 60000000
 .text.rsxSetRestartIndex
                0x0000000000038dc8       0xa4 /usr/local/ps3dev/ppu/lib/librsx.a(commands.o)
 *fill*         0x0000000000038e6c        0x4 60000000
 .text.rsxSetScissor
                0x0000000000038e70       0xd4 /usr/local/ps3dev/ppu/lib/librsx.a(commands.o)
 *fill*         0x0000000000038f44        0x4 60000000
 .text.rsxSetAntialiasingControl
                0x0000000000038f48       0xd4 /usr/local/ps3dev/ppu/lib/librsx.a(commands.o)
 *fill*         0x000000000003901c        0x4 60000000
 .text.rsxInlineTransfer
                0x0000000000039020      0x23c /usr/local/ps3dev/ppu/lib/librsx.a(commands.o)
 *fill*         0x000000000003925c        0x4 60000000
 .text.rsxSetFragmentProgramParameter
                0x0000000000039260      0x5d8 /usr/local/ps3dev/ppu/lib/librsx.a(commands.o)
 .text.rsxSetAlphaFunc
                0x0000000000039838       0xb4 /usr/local/ps3dev/ppu/lib/librsx.a(commands.o)
 *fill*         0x00000000000398ec        0x4 60000000
 .text.rsxSetAlphaTestEnable
                0x00000000000398f0       0xa4 /usr/local/ps3dev/ppu/lib/librsx.a(commands.o)
 *fill*         0x0000000000039994        0x4 60000000
 .text.rsxSetBlendFunc
                0x0000000000039998       0xd4 /usr/local/ps3dev/ppu/lib/librsx.a(commands.o)
 *fill*         0x0000000000039a6c        0x4 60000000
 .text.rsxSetBlendEquation
                0x0000000000039a70       0xb4 /usr/local/ps3dev/ppu/lib/librsx.a(commands.o)
 *fill*         0x0000000000039b24        0x4 60000000
 .text.rsxSetBlendColor
                0x0000000000039b28       0xbc /usr/local/ps3dev/ppu/lib/librsx.a(commands.o)
 *fill*         0x0000000000039be4        0x4 60000000
 .text.rsxSetBlendEnable
                0x0000000000039be8       0xa4 /usr/local/ps3dev/ppu/lib/librsx.a(commands.o)
 *fill*         0x0000000000039c8c        0x4 60000000
 .text.rsxSetBlendOptimization
                0x0000000000039c90       0xa4 /usr/local/ps3dev/ppu/lib/librsx.a(commands.o)
 *fill*         0x0000000000039d34        0x4 60000000
 .text.rsxSetBlendEnableMrt
                0x0000000000039d38       0xcc /usr/local/ps3dev/ppu/lib/librsx.a(commands.o)
 *fill*         0x0000000000039e04        0x4 60000000
 .text.rsxSetLogicOp
                0x0000000000039e08       0xa4 /usr/local/ps3dev/ppu/lib/librsx.a(commands.o)
 *fill*         0x0000000000039eac        0x4 60000000
 .text.rsxSetLogicOpEnable
                0x0000000000039eb0       0xa4 /usr/local/ps3dev/ppu/lib/librsx.a(commands.o)
 *fill*         0x0000000000039f54        0x4 60000000
 .text.rsxSetFogMode
                0x0000000000039f58       0xa4 /usr/local/ps3dev/ppu/lib/librsx.a(commands.o)
 *fill*         0x0000000000039ffc        0x4 60000000
 .text.rsxSetFogParams
                0x000000000003a000       0xc0 /usr/local/ps3dev/ppu/lib/librsx.a(commands.o)
 .text.rsxSetTransformBranchBits
                0x000000000003a0c0       0xa4 /usr/local/ps3dev/ppu/lib/librsx.a(commands.o)
 *fill*         0x000000000003a164        0x4 60000000
 .text.rsxSetPointSpriteControl
                0x000000000003a168       0xd4 /usr/local/ps3dev/ppu/lib/librsx.a(commands.o)
 *fill*         0x000000000003a23c        0x4 60000000
 .text.rsxSetPointSize
                0x000000000003a240       0xac /usr/local/ps3dev/ppu/lib/librsx.a(commands.o)
 *fill*         0x000000000003a2ec        0x4 60000000
 .text.rsxSetTransferData
                0x000000000003a2f0      0x244 /usr/local/ps3dev/ppu/lib/librsx.a(commands.o)
 *fill*         0x000000000003a534        0x4 60000000
 .text.rsxSetConvertSwizzleFormatUnsafe
                0x000000000003a538      0x7a8 /usr/local/ps3dev/ppu/lib/librsx.a(commands.o)
 .text.rsxSetTransferDataMode
                0x000000000003ace0       0xec /usr/local/ps3dev/ppu/lib/librsx.a(commands.o)
 *fill*         0x000000000003adcc        0x4 60000000
 .text.rsxSetTransferDataOffset
                0x000000000003add0      0x12c /usr/local/ps3dev/ppu/lib/librsx.a(commands.o)
 *fill*         0x000000000003aefc        0x4 60000000
 .text.rsxSetTransferDataFormat
                0x000000000003af00       0xe4 /usr/local/ps3dev/ppu/lib/librsx.a(commands.o)
 *fill*         0x000000000003afe4        0x4 60000000
 .text.rsxSetTransferImage
                0x000000000003afe8      0x43c /usr/local/ps3dev/ppu/lib/librsx.a(commands.o)
 *fill*         0x000000000003b424        0x4 60000000
 .text.rsxSetTransferScaleMode
                0x000000000003b428      0x178 /usr/local/ps3dev/ppu/lib/librsx.a(commands.o)
 .text.rsxSetTransferScaleSurface
                0x000000000003b5a0      0x1bc /usr/local/ps3dev/ppu/lib/librsx.a(commands.o)
 *fill*         0x000000000003b75c        0x4 60000000
 .text.rsxSetTransferScaleSwizzle
                0x000000000003b760      0x1bc /usr/local/ps3dev/ppu/lib/librsx.a(commands.o)
 *fill*         0x000000000003b91c        0x4 60000000
 .text.rsxSetConvertSwizzleFormat
                0x000000000003b920      0x750 /usr/local/ps3dev/ppu/lib/librsx.a(commands.o)
 .text.rsxSetTimeStamp
                0x000000000003c070       0xac /usr/local/ps3dev/ppu/lib/librsx.a(commands.o)
 *fill*         0x000000000003c11c        0x4 60000000
 .text.rsxSetWaitForIdle
                0x000000000003c120       0x98 /usr/local/ps3dev/ppu/lib/librsx.a(commands.o)
 .text          0x000000000003c1b8        0x0 /usr/local/ps3dev/ppu/lib/librsx.a(mm.o)
 .text.rsxHeapInit
                0x000000000003c1b8       0x80 /usr/local/ps3dev/ppu/lib/librsx.a(mm.o)
 .text.rsxMemalign
                0x000000000003c238       0x58 /usr/local/ps3dev/ppu/lib/librsx.a(mm.o)
 .text.rsxMalloc
                0x000000000003c290       0x58 /usr/local/ps3dev/ppu/lib/librsx.a(mm.o)
 .text.rsxFree  0x000000000003c2e8       0x48 /usr/local/ps3dev/ppu/lib/librsx.a(mm.o)
 .text          0x000000000003c330        0x0 /usr/local/ps3dev/ppu/lib/librsx.a(vertex_program.o)
 .text.rsxVertexProgramGetUCode
                0x000000000003c330       0x28 /usr/local/ps3dev/ppu/lib/librsx.a(vertex_program.o)
 .text.rsxVertexProgramGetNumConst
                0x000000000003c358       0x14 /usr/local/ps3dev/ppu/lib/librsx.a(vertex_program.o)
 *fill*         0x000000000003c36c        0x4 60000000
 .text.rsxVertexProgramGetNumAttrib
                0x000000000003c370       0x14 /usr/local/ps3dev/ppu/lib/librsx.a(vertex_program.o)
 *fill*         0x000000000003c384        0x4 60000000
 .text.rsxVertexProgramGetConsts
                0x000000000003c388       0x30 /usr/local/ps3dev/ppu/lib/librsx.a(vertex_program.o)
 .text.rsxVertexProgramGetConst
                0x000000000003c3b8       0x74 /usr/local/ps3dev/ppu/lib/librsx.a(vertex_program.o)
 *fill*         0x000000000003c42c        0x4 60000000
 .text.rsxVertexProgramGetAttribs
                0x000000000003c430       0x30 /usr/local/ps3dev/ppu/lib/librsx.a(vertex_program.o)
 .text.rsxVertexProgramGetAttrib
                0x000000000003c460       0x30 /usr/local/ps3dev/ppu/lib/librsx.a(vertex_program.o)
 .text          0x000000000003c490        0x0 /usr/local/ps3dev/ppu/lib/librsx.a(fragment_program.o)
 .text.rsxFragmentProgramGetUCode
                0x000000000003c490       0x28 /usr/local/ps3dev/ppu/lib/librsx.a(fragment_program.o)
 .text.rsxFragmentProgramGetNumConst
                0x000000000003c4b8       0x14 /usr/local/ps3dev/ppu/lib/librsx.a(fragment_program.o)
 *fill*         0x000000000003c4cc        0x4 60000000
 .text.rsxFragmentProgramGetConsts
                0x000000000003c4d0       0x30 /usr/local/ps3dev/ppu/lib/librsx.a(fragment_program.o)
 .text.rsxFragmentProgramGetConst
                0x000000000003c500       0x74 /usr/local/ps3dev/ppu/lib/librsx.a(fragment_program.o)
 *fill*         0x000000000003c574        0x4 60000000
 .text.rsxFragmentProgramGetNumAttrib
                0x000000000003c578       0x14 /usr/local/ps3dev/ppu/lib/librsx.a(fragment_program.o)
 *fill*         0x000000000003c58c        0x4 60000000
 .text.rsxFragmentProgramGetAttribs
                0x000000000003c590       0x30 /usr/local/ps3dev/ppu/lib/librsx.a(fragment_program.o)
 .text.rsxFragmentProgramGetAttrib
                0x000000000003c5c0       0x30 /usr/local/ps3dev/ppu/lib/librsx.a(fragment_program.o)
 .text.rsxFragmentProgramGetConstOffsetTable
                0x000000000003c5f0       0x14 /usr/local/ps3dev/ppu/lib/librsx.a(fragment_program.o)
 .text          0x000000000003c604        0x0 /usr/local/ps3dev/ppu/lib/librsx.a(rsx_internal.o)
 *fill*         0x000000000003c604        0x4 60000000
 .text.__rsxGetAttrs
                0x000000000003c608       0x18 /usr/local/ps3dev/ppu/lib/librsx.a(rsx_internal.o)
 .text.__rsxGetAttr
                0x000000000003c620       0xcc /usr/local/ps3dev/ppu/lib/librsx.a(rsx_internal.o)
 *fill*         0x000000000003c6ec        0x4 60000000
 .text.__rsxGetConsts
                0x000000000003c6f0       0x18 /usr/local/ps3dev/ppu/lib/librsx.a(rsx_internal.o)
 .text.__rsxGetConstIndex
                0x000000000003c708       0xbc /usr/local/ps3dev/ppu/lib/librsx.a(rsx_internal.o)
 .text          0x000000000003c7c4        0x0 /usr/local/ps3dev/ppu/lib/libgcm_sys.a(sprx.o)
 .text          0x000000000003c7c4        0x0 /usr/local/ps3dev/ppu/lib/libio.a(sprx.o)
 .text          0x000000000003c7c4        0x0 /usr/local/ps3dev/ppu/lib/libsysmodule.a(sprx.o)
 .text          0x000000000003c7c4        0x0 /usr/local/ps3dev/ppu/lib/libsysutil.a(sprx.o)
 .text          0x000000000003c7c4        0x0 /usr/local/ps3dev/ppu/lib/libsysutil.a(sysutil_wrapper.o)
 *fill*         0x000000000003c7c4        0x4 60000000
 .text.sysUtilRegisterCallback
                0x000000000003c7c8       0x58 /usr/local/ps3dev/ppu/lib/libsysutil.a(sysutil_wrapper.o)
 .text.msgDialogOpen
                0x000000000003c820       0x58 /usr/local/ps3dev/ppu/lib/libsysutil.a(sysutil_wrapper.o)
 .text.msgDialogOpen2
                0x000000000003c878       0x58 /usr/local/ps3dev/ppu/lib/libsysutil.a(sysutil_wrapper.o)
 .text.msgDialogOpenErrorCode
                0x000000000003c8d0       0x58 /usr/local/ps3dev/ppu/lib/libsysutil.a(sysutil_wrapper.o)
 .text.sysSaveListLoad2
                0x000000000003c928       0x74 /usr/local/ps3dev/ppu/lib/libsysutil.a(sysutil_wrapper.o)
 *fill*         0x000000000003c99c        0x4 60000000
 .text.sysSaveListSave2
                0x000000000003c9a0       0x74 /usr/local/ps3dev/ppu/lib/libsysutil.a(sysutil_wrapper.o)
 *fill*         0x000000000003ca14        0x4 60000000
 .text.sysSaveListAutoLoad
                0x000000000003ca18       0x7c /usr/local/ps3dev/ppu/lib/libsysutil.a(sysutil_wrapper.o)
 *fill*         0x000000000003ca94        0x4 60000000
 .text.sysSaveListAutoSave
                0x000000000003ca98       0x7c /usr/local/ps3dev/ppu/lib/libsysutil.a(sysutil_wrapper.o)
 *fill*         0x000000000003cb14        0x4 60000000
 .text.sysSaveFixedLoad2
                0x000000000003cb18       0x74 /usr/local/ps3dev/ppu/lib/libsysutil.a(sysutil_wrapper.o)
 *fill*         0x000000000003cb8c        0x4 60000000
 .text.sysSaveFixedSave2
                0x000000000003cb90       0x74 /usr/local/ps3dev/ppu/lib/libsysutil.a(sysutil_wrapper.o)
 *fill*         0x000000000003cc04        0x4 60000000
 .text.sysSaveAutoLoad2
                0x000000000003cc08       0x5c /usr/local/ps3dev/ppu/lib/libsysutil.a(sysutil_wrapper.o)
 *fill*         0x000000000003cc64        0x4 60000000
 .text.sysSaveAutoSave2
                0x000000000003cc68       0x5c /usr/local/ps3dev/ppu/lib/libsysutil.a(sysutil_wrapper.o)
 *fill*         0x000000000003ccc4        0x4 60000000
 .text.sysGameThemeInstallFromBuffer
                0x000000000003ccc8       0x58 /usr/local/ps3dev/ppu/lib/libsysutil.a(sysutil_wrapper.o)
 .text.sysDiscRegisterDiscChangeCallback
                0x000000000003cd20       0x5c /usr/local/ps3dev/ppu/lib/libsysutil.a(sysutil_wrapper.o)
 *fill*         0x000000000003cd7c        0x4 60000000
 .text.sysGameDiscRegisterDiscChangeCallback
                0x000000000003cd80       0x10 /usr/local/ps3dev/ppu/lib/libsysutil.a(sysutil_wrapper.o)
 .text.videoRegisterCallback
                0x000000000003cd90       0x58 /usr/local/ps3dev/ppu/lib/libsysutil.a(sysutil_wrapper.o)
 .text          0x000000000003cde8        0x0 /usr/local/ps3dev/ppu/lib/librt.a(sbrk.o)
 .text.startup.sbrk_init
                0x000000000003cde8       0xb8 /usr/local/ps3dev/ppu/lib/librt.a(sbrk.o)
 .text.sbrk_deinit
                0x000000000003cea0       0xc8 /usr/local/ps3dev/ppu/lib/librt.a(sbrk.o)
 .text.__librt_sbrk_r
                0x000000000003cf68      0x2f4 /usr/local/ps3dev/ppu/lib/librt.a(sbrk.o)
 .text          0x000000000003d25c        0x0 /usr/local/ps3dev/ppu/lib/librt.a(exit.o)
 *fill*         0x000000000003d25c        0x4 60000000
 .text.__librt_exit
                0x000000000003d260       0x30 /usr/local/ps3dev/ppu/lib/librt.a(exit.o)
 .text          0x000000000003d290        0x0 /usr/local/ps3dev/ppu/lib/librt.a(close.o)
 .text.__librt_close_r
                0x000000000003d290       0x88 /usr/local/ps3dev/ppu/lib/librt.a(close.o)
 .text          0x000000000003d318        0x0 /usr/local/ps3dev/ppu/lib/librt.a(lseek.o)
 .text.__librt_lseek_r
                0x000000000003d318       0x8c /usr/local/ps3dev/ppu/lib/librt.a(lseek.o)
 *fill*         0x000000000003d3a4        0x4 60000000
 .text.__librt_lseek64_r
                0x000000000003d3a8       0x10 /usr/local/ps3dev/ppu/lib/librt.a(lseek.o)
 .text          0x000000000003d3b8        0x0 /usr/local/ps3dev/ppu/lib/librt.a(read.o)
 .text.__librt_read_r
                0x000000000003d3b8      0x10c /usr/local/ps3dev/ppu/lib/librt.a(read.o)
 .text          0x000000000003d4c4        0x0 /usr/local/ps3dev/ppu/lib/librt.a(open.o)
 *fill*         0x000000000003d4c4        0x4 60000000
 .text.__librt_open_r
                0x000000000003d4c8      0x180 /usr/local/ps3dev/ppu/lib/librt.a(open.o)
 .text          0x000000000003d648        0x0 /usr/local/ps3dev/ppu/lib/librt.a(sleep.o)
 .text.__librt_usleep_r
                0x000000000003d648       0x50 /usr/local/ps3dev/ppu/lib/librt.a(sleep.o)
 .text.__librt_sleep_r
                0x000000000003d698       0x6c /usr/local/ps3dev/ppu/lib/librt.a(sleep.o)
 .text          0x000000000003d704        0x0 /usr/local/ps3dev/ppu/lib/librt.a(write.o)
 *fill*         0x000000000003d704        0x4 60000000
 .text.__librt_write_r
                0x000000000003d708      0x104 /usr/local/ps3dev/ppu/lib/librt.a(write.o)
 .text          0x000000000003d80c        0x0 /usr/local/ps3dev/ppu/lib/librt.a(fstat.o)
 *fill*         0x000000000003d80c        0x4 60000000
 .text.__librt_fstat_r
                0x000000000003d810       0xd0 /usr/local/ps3dev/ppu/lib/librt.a(fstat.o)
 .text.__librt_fstat64_r
                0x000000000003d8e0       0x10 /usr/local/ps3dev/ppu/lib/librt.a(fstat.o)
 .text.__librt_stat_r
                0x000000000003d8f0       0xd0 /usr/local/ps3dev/ppu/lib/librt.a(fstat.o)
 .text.__librt_stat64_r
                0x000000000003d9c0       0x10 /usr/local/ps3dev/ppu/lib/librt.a(fstat.o)
 .text          0x000000000003d9d0        0x0 /usr/local/ps3dev/ppu/lib/librt.a(lock.o)
 .text.__librt_sys_lwmutex_create_r
                0x000000000003d9d0       0x38 /usr/local/ps3dev/ppu/lib/librt.a(lock.o)
 .text.__librt_sys_lwmutex_destroy_r
                0x000000000003da08       0x34 /usr/local/ps3dev/ppu/lib/librt.a(lock.o)
 *fill*         0x000000000003da3c        0x4 60000000
 .text.__librt_sys_lwmutex_lock_r
                0x000000000003da40       0x38 /usr/local/ps3dev/ppu/lib/librt.a(lock.o)
 .text.__librt_sys_lwmutex_trylock_r
                0x000000000003da78       0x34 /usr/local/ps3dev/ppu/lib/librt.a(lock.o)
 *fill*         0x000000000003daac        0x4 60000000
 .text.__librt_sys_lwmutex_unlock_r
                0x000000000003dab0       0x34 /usr/local/ps3dev/ppu/lib/librt.a(lock.o)
 .text          0x000000000003dae4        0x0 /usr/local/ps3dev/ppu/lib/librt.a(dirent.o)
 *fill*         0x000000000003dae4        0x4 60000000
 .text.readdir_i
                0x000000000003dae8      0x10c /usr/local/ps3dev/ppu/lib/librt.a(dirent.o)
 *fill*         0x000000000003dbf4        0x4 60000000
 .text.__librt_opendir_r
                0x000000000003dbf8      0x114 /usr/local/ps3dev/ppu/lib/librt.a(dirent.o)
 *fill*         0x000000000003dd0c        0x4 60000000
 .text.__librt_readdir_r
                0x000000000003dd10       0x84 /usr/local/ps3dev/ppu/lib/librt.a(dirent.o)
 *fill*         0x000000000003dd94        0x4 60000000
 .text.__librt_readdir_r_r
                0x000000000003dd98       0x58 /usr/local/ps3dev/ppu/lib/librt.a(dirent.o)
 .text.__librt_closedir_r
                0x000000000003ddf0       0x84 /usr/local/ps3dev/ppu/lib/librt.a(dirent.o)
 *fill*         0x000000000003de74        0x4 60000000
 .text.__librt_telldir_r
                0x000000000003de78       0x24 /usr/local/ps3dev/ppu/lib/librt.a(dirent.o)
 *fill*         0x000000000003de9c        0x4 60000000
 .text.__librt_rewinddir_r
                0x000000000003dea0       0x18 /usr/local/ps3dev/ppu/lib/librt.a(dirent.o)
 .text.__librt_seekdir_r
                0x000000000003deb8       0x18 /usr/local/ps3dev/ppu/lib/librt.a(dirent.o)
 .text          0x000000000003ded0        0x0 /usr/local/ps3dev/ppu/lib/librt.a(mkdir.o)
 .text.__librt_mkdir_r
                0x000000000003ded0       0x60 /usr/local/ps3dev/ppu/lib/librt.a(mkdir.o)
 .text          0x000000000003df30        0x0 /usr/local/ps3dev/ppu/lib/librt.a(times.o)
 .text.__librt_times_r
                0x000000000003df30       0x1c /usr/local/ps3dev/ppu/lib/librt.a(times.o)
 .text          0x000000000003df4c        0x0 /usr/local/ps3dev/ppu/lib/librt.a(umask.o)
 *fill*         0x000000000003df4c        0x4 60000000
 .text.__librt_umask_r
                0x000000000003df50       0x20 /usr/local/ps3dev/ppu/lib/librt.a(umask.o)
 .text          0x000000000003df70        0x0 /usr/local/ps3dev/ppu/lib/librt.a(lv2errno.o)
 .text.lv2error
                0x000000000003df70      0x434 /usr/local/ps3dev/ppu/lib/librt.a(lv2errno.o)
 *fill*         0x000000000003e3a4        0x4 60000000
 .text.lv2errno
                0x000000000003e3a8       0x68 /usr/local/ps3dev/ppu/lib/librt.a(lv2errno.o)
 .text.lv2errno_r
                0x000000000003e410       0x58 /usr/local/ps3dev/ppu/lib/librt.a(lv2errno.o)
 .text          0x000000000003e468        0x0 /usr/local/ps3dev/ppu/lib/librt.a(heap.o)
 .text.__heap_block_split.isra.2
                0x000000000003e468      0x104 /usr/local/ps3dev/ppu/lib/librt.a(heap.o)
 *fill*         0x000000000003e56c        0x4 60000000
 .text.heapInit
                0x000000000003e570      0x128 /usr/local/ps3dev/ppu/lib/librt.a(heap.o)
 .text.heapAllocateAligned
                0x000000000003e698      0x230 /usr/local/ps3dev/ppu/lib/librt.a(heap.o)
 .text.heapAllocate
                0x000000000003e8c8       0x14 /usr/local/ps3dev/ppu/lib/librt.a(heap.o)
 *fill*         0x000000000003e8dc        0x4 60000000
 .text.heapFree
                0x000000000003e8e0      0x1fc /usr/local/ps3dev/ppu/lib/librt.a(heap.o)
 .text          0x000000000003eadc        0x0 /usr/local/ps3dev/ppu/lib/librt.a(chmod.o)
 *fill*         0x000000000003eadc        0x4 60000000
 .text.__librt_chmod_r
                0x000000000003eae0       0x54 /usr/local/ps3dev/ppu/lib/librt.a(chmod.o)
 .text          0x000000000003eb34        0x0 /usr/local/ps3dev/ppu/lib/librt.a(rename.o)
 *fill*         0x000000000003eb34        0x4 60000000
 .text.__librt_rename_r
                0x000000000003eb38       0x54 /usr/local/ps3dev/ppu/lib/librt.a(rename.o)
 .text          0x000000000003eb8c        0x0 /usr/local/ps3dev/ppu/lib/librt.a(rmdir.o)
 *fill*         0x000000000003eb8c        0x4 60000000
 .text.__librt_rmdir_r
                0x000000000003eb90       0x50 /usr/local/ps3dev/ppu/lib/librt.a(rmdir.o)
 .text          0x000000000003ebe0        0x0 /usr/local/ps3dev/ppu/lib/librt.a(isatty.o)
 .text.__librt_isatty_r
                0x000000000003ebe0       0x2c /usr/local/ps3dev/ppu/lib/librt.a(isatty.o)
 .text          0x000000000003ec0c        0x0 /usr/local/ps3dev/ppu/lib/librt.a(gettod.o)
 *fill*         0x000000000003ec0c        0x4 60000000
 .text.__librt_gettod_r
                0x000000000003ec10       0xb8 /usr/local/ps3dev/ppu/lib/librt.a(gettod.o)
 .text          0x000000000003ecc8        0x0 /usr/local/ps3dev/ppu/lib/librt.a(settod.o)
 .text.__librt_settod_r
                0x000000000003ecc8       0x58 /usr/local/ps3dev/ppu/lib/librt.a(settod.o)
 .text          0x000000000003ed20        0x0 /usr/local/ps3dev/ppu/lib/librt.a(unlink.o)
 .text.__librt_unlink_r
                0x000000000003ed20       0x50 /usr/local/ps3dev/ppu/lib/librt.a(unlink.o)
 .text          0x000000000003ed70        0x0 /usr/local/ps3dev/ppu/lib/librt.a(link.o)
 .text.__librt_link_r
                0x000000000003ed70       0x54 /usr/local/ps3dev/ppu/lib/librt.a(link.o)
 .text          0x000000000003edc4        0x0 /usr/local/ps3dev/ppu/lib/librt.a(truncate.o)
 *fill*         0x000000000003edc4        0x4 60000000
 .text.__librt_truncate_r
                0x000000000003edc8       0x54 /usr/local/ps3dev/ppu/lib/librt.a(truncate.o)
 *fill*         0x000000000003ee1c        0x4 60000000
 .text.__librt_ftruncate_r
                0x000000000003ee20       0x54 /usr/local/ps3dev/ppu/lib/librt.a(truncate.o)
 .text          0x000000000003ee74        0x0 /usr/local/ps3dev/ppu/lib/librt.a(fsync.o)
 *fill*         0x000000000003ee74        0x4 60000000
 .text.__librt_fsync_r
                0x000000000003ee78       0x50 /usr/local/ps3dev/ppu/lib/librt.a(fsync.o)
 .text          0x000000000003eec8        0x0 /usr/local/ps3dev/ppu/lib/librt.a(utime.o)
 .text.__librt_utime_r
                0x000000000003eec8       0xbc /usr/local/ps3dev/ppu/lib/librt.a(utime.o)
 .text          0x000000000003ef84        0x0 /usr/local/ps3dev/ppu/lib/librt.a(globfile.o)
 *fill*         0x000000000003ef84        0x4 60000000
 .text.resolve_path
                0x000000000003ef88      0x188 /usr/local/ps3dev/ppu/lib/librt.a(globfile.o)
 .text.flattenDirectory.constprop.0
                0x000000000003f110      0x2d0 /usr/local/ps3dev/ppu/lib/librt.a(globfile.o)
 .text.startup.__glob_file_init
                0x000000000003f3e0       0x3c /usr/local/ps3dev/ppu/lib/librt.a(globfile.o)
 *fill*         0x000000000003f41c        0x4 60000000
 .text.__full_path
                0x000000000003f420      0x12c /usr/local/ps3dev/ppu/lib/librt.a(globfile.o)
 *fill*         0x000000000003f54c        0x4 60000000
 .text.__librt_chdir_r
                0x000000000003f550       0xbc /usr/local/ps3dev/ppu/lib/librt.a(globfile.o)
 *fill*         0x000000000003f60c        0x4 60000000
 .text.__librt_getcwd_r
                0x000000000003f610       0xc0 /usr/local/ps3dev/ppu/lib/librt.a(globfile.o)
 .text          0x000000000003f6d0        0x0 /usr/local/ps3dev/ppu/lib/liblv2.a(sprx.o)
 .text          0x000000000003f6d0        0x0 /usr/local/ps3dev/ppu/lib/liblv2.a(thread_wrapper.o)
 .text.sysThreadCreate
                0x000000000003f6d0       0x58 /usr/local/ps3dev/ppu/lib/liblv2.a(thread_wrapper.o)
 .text          0x000000000003f728        0x0 /usr/local/ps3dev/ppu/lib/liblv2.a(process_wrapper.o)
 .text.sysProcessExitSpawn2